<html>
<body>
<pre>
<h1>µVision Build Log</h1>
<h2>Tool Versions:</h2>
IDE-Version: µVision V5.23.0.0
Copyright (C) 2017 ARM Ltd and ARM Germany GmbH. All rights reserved.
License Information: Vadim Kazakov500, Home, LIC=6XJRA-1RP6B-9YZVW-QAIRW-8KHDK-D6BBX
 
Tool Versions:
Toolchain:       MDK-ARM Professional  Version: 5.23
Toolchain Path:  D:\Program\Keil_v5\ARM\ARMCC\Bin
C Compiler:      Armcc.exe V5.06 update 4 (build 422)
Assembler:       Armasm.exe V5.06 update 4 (build 422)
Linker/Locator:  ArmLink.exe V5.06 update 4 (build 422)
Library Manager: ArmAr.exe V5.06 update 4 (build 422)
Hex Converter:   FromElf.exe V5.06 update 4 (build 422)
CPU DLL:         SARMCM3.DLL V5.23
Dialog DLL:      DCM.DLL V1.15.0.0
Target DLL:      UL2CM3.DLL V1.159.7.0
Dialog DLL:      TCM.DLL V1.27.0.0
 
<h2>Project:</h2>
D:\MULTIMEDIA\INSTITUT\Projects_for_STM\MDK\Boards\Keil\MCBSTM32F400\Demo\Demo.uvprojx
Project File Date:  12/06/2016

<h2>Output:</h2>
*** Using Compiler 'V5.06 update 4 (build 422)', folder: 'D:\Program\Keil_v5\ARM\ARMCC\Bin'
Build target 'STM32F407 Flash'
compiling Bulb_16bpp.c...
compiling Arrows_16bpp_red.c...
compiling Button_16bpp.c...
compiling Accelerometer_LIS3DH.c...
compiling ADC_MCBSTM32F400.c...
compiling Buttons_MCBSTM32F400.c...
compiling GLCD_Fonts.c...
compiling Demo.c...
compiling Gyroscope_L3G4200D.c...
compiling Joystick_STMPE811.c...
compiling Camera_OVM7690.c...
compiling Touch_STMPE811.c...
compiling LED_MCBSTM32F400.c...
compiling GLCD_MCBSTM32F400.c...
compiling RTX_Conf_CM.c...
compiling stm32f4xx_hal.c...
compiling stm32f4xx_hal_adc.c...
compiling I2C_STM32F4xx.c...
compiling stm32f4xx_hal_adc_ex.c...
compiling stm32f4xx_hal_cortex.c...
compiling stm32f4xx_hal_dcmi.c...
compiling stm32f4xx_hal_dcmi_ex.c...
compiling stm32f4xx_hal_dma.c...
compiling stm32f4xx_hal_dma_ex.c...
compiling stm32f4xx_hal_gpio.c...
compiling stm32f4xx_hal_pwr.c...
compiling stm32f4xx_hal_i2c.c...
compiling stm32f4xx_hal_rcc.c...
compiling stm32f4xx_hal_pwr_ex.c...
compiling stm32f4xx_hal_rcc_ex.c...
assembling startup_stm32f407xx.s...
compiling system_stm32f4xx.c...
compiling stm32f4xx_hal_sram.c...
compiling stm32f4xx_ll_fsmc.c...
linking...
Program Size: Code=33330 RO-data=39134 RW-data=308 ZI-data=4500  
".\Flash\Demo.axf" - 0 Error(s), 0 Warning(s).

<h2>Software Packages used:</h2>

Package Vendor: ARM
                http://www.keil.com/pack/ARM.CMSIS.5.0.1.pack
                ::CMSIS:RTOS:1.0.0 (API)
                CMSIS (Cortex Microcontroller Software Interface Standard)
   * Component: RTOS Version: 1.0.0
   * Component: I2C Version: 2.3.0
   * Component: CORE Version: 5.0.1
   * Component: Keil RTX Version: 4.81.0

Package Vendor: Keil
                http://www.keil.com/pack/Keil.MDK-Middleware.7.4.0.pack
                ::Board Support:Graphic LCD:1.0.0 (API)
                Middleware for Keil MDK-Professional and MDK-Plus
   * Component: Graphic LCD Version: 1.0.0
   * Component: Touchscreen Version: 1.0.0
   * Component: Joystick Version: 1.0.0
   * Component: LED Version: 1.0.0
   * Component: Buttons Version: 1.0.0
   * Component: A/D Converter Version: 1.0.0
   * Component: Accelerometer Version: 1.0.0
   * Component: Gyroscope Version: 1.0.0
   * Component: Camera Version: 1.0.0

Package Vendor: Keil
                http://www.keil.com/pack/Keil.STM32F4xx_DFP.2.11.0.pack
                ::Device:STM32Cube Framework:1.0.0 (API)
                STMicroelectronics STM32F4 Series Device Support, Drivers and Examples
   * Component: STM32Cube Framework Version: 1.0.0
   * Component: Startup Version: 2.6.0
   * Component: Common Version: 1.6.0
   * Component: ADC Version: 1.6.0
   * Component: Classic Version: 1.6.0
   * Component: RCC Version: 1.6.0
   * Component: PWR Version: 1.6.0
   * Component: SRAM Version: 1.6.0
   * Component: I2C Version: 2.6
   * Component: Graphic LCD Version: 2.0.0
   * Component: Touchscreen Version: 2.0.0
   * Component: Camera Version: 2.0.0
   * Component: Joystick Version: 2.0.0
   * Component: LED Version: 2.0.0
   * Component: Accelerometer Version: 2.0.0
   * Component: Gyroscope Version: 2.0.0
   * Component: Buttons Version: 2.0.0
   * Component: A/D Converter Version: 2.0.0
   * Component: I2C Version: 1.6.0
   * Component: GPIO Version: 1.6.0
   * Component: DCMI Version: 1.6.0
   * Component: Cortex Version: 1.6.0
   * Component: DMA Version: 1.6.0

<h2>Collection of Component include folders:</h2>
  .\RTE\Device\STM32F407IGHx
  .\RTE\_STM32F407_Flash
  D:\Program\Keil_v5\ARM\PACK\ARM\CMSIS\5.0.1\CMSIS\Driver\Include
  D:\Program\Keil_v5\ARM\PACK\ARM\CMSIS\5.0.1\CMSIS\Include
  D:\Program\Keil_v5\ARM\PACK\ARM\CMSIS\5.0.1\CMSIS\RTOS\RTX\INC
  D:\Program\Keil_v5\ARM\PACK\Keil\MDK-Middleware\7.4.0\Board
  D:\Program\Keil_v5\ARM\PACK\Keil\STM32F4xx_DFP\2.11.0\Drivers\CMSIS\Device\ST\STM32F4xx\Include
  D:\Program\Keil_v5\ARM\PACK\Keil\STM32F4xx_DFP\2.11.0\Drivers\STM32F4xx_HAL_Driver\Inc
  D:\Program\Keil_v5\ARM\PACK\Keil\STM32F4xx_DFP\2.11.0\MDK\Boards\Keil\MCBSTM32F400\Common

<h2>Collection of Component Files used:</h2>

   * Component: ::CMSIS:RTOS:1.0.0 (API)

   * Component: ::CMSIS Driver:I2C:2.3.0 (API)
      Include file:  CMSIS\Driver\Include\Driver_I2C.h

   * Component: ARM::CMSIS:CORE:5.0.1

   * Component: ARM::CMSIS:RTOS:Keil RTX:4.81.0
      Include file:  CMSIS\RTOS\RTX\UserCodeTemplates\osObjects.h
      Include file:  CMSIS\RTOS\RTX\INC\cmsis_os.h
      Source file:   CMSIS\RTOS\RTX\Templates\RTX_Conf_CM.c
      Source file:   CMSIS\RTOS\RTX\UserCodeTemplates\Thread.c
      Source file:   CMSIS\RTOS\RTX\UserCodeTemplates\MemPool.c
      Library file:  CMSIS\RTOS\RTX\LIB\ARM\RTX_CM4.lib
      Source file:   CMSIS\RTOS\RTX\UserCodeTemplates\Semaphore.c
      Source file:   CMSIS\RTOS\RTX\UserCodeTemplates\main.c
      Source file:   CMSIS\RTOS\RTX\UserCodeTemplates\Timer.c
      Source file:   CMSIS\RTOS\RTX\SRC\ARM\SVC_Table.s
      Source file:   CMSIS\RTOS\RTX\UserCodeTemplates\MailQueue.c
      Source file:   CMSIS\RTOS\RTX\UserCodeTemplates\Mutex.c
      Source file:   CMSIS\RTOS\RTX\UserCodeTemplates\MsgQueue.c

   * Component: ::Board Support:Graphic LCD:1.0.0 (API)
      Include file:  Board\Board_GLCD.h

   * Component: ::Board Support:Touchscreen:1.0.0 (API)
      Include file:  Board\Board_Touch.h

   * Component: ::Board Support:Joystick:1.0.0 (API)
      Include file:  Board\Board_Joystick.h

   * Component: ::Board Support:LED:1.0.0 (API)
      Include file:  Board\Board_LED.h

   * Component: ::Board Support:Buttons:1.0.0 (API)
      Include file:  Board\Board_Buttons.h

   * Component: ::Board Support:A/D Converter:1.0.0 (API)
      Include file:  Board\Board_ADC.h

   * Component: ::Board Support:Accelerometer:1.0.0 (API)
      Include file:  Board\Board_Accelerometer.h

   * Component: ::Board Support:Gyroscope:1.0.0 (API)
      Include file:  Board\Board_Gyroscope.h

   * Component: ::Board Support:Camera:1.0.0 (API)
      Include file:  Board\Board_Camera.h

   * Component: ::Device:STM32Cube Framework:1.0.0 (API)

   * Component: Keil::Device:Startup:2.6.0
      Source file:   Drivers\CMSIS\Device\ST\STM32F4xx\Source\Templates\arm\startup_stm32f407xx.s
      Source file:   MDK\Device\Source\ARM\STM32F40xxx_41xxx_OPT.s
      Source file:   MDK\Device\Source\ARM\STM32F4xx_OTP.s
      Include file:  Drivers\CMSIS\Device\ST\STM32F4xx\Include\stm32f4xx.h
      Source file:   Drivers\CMSIS\Device\ST\STM32F4xx\Source\Templates\system_stm32f4xx.c

   * Component: Keil::Device:STM32Cube HAL:Common:1.6.0
      Include file:  Drivers\STM32F4xx_HAL_Driver\Inc\stm32f4xx_hal.h
      Source file:   Drivers\STM32F4xx_HAL_Driver\Src\stm32f4xx_hal.c

   * Component: Keil::Device:STM32Cube HAL:ADC:1.6.0
      Source file:   Drivers\STM32F4xx_HAL_Driver\Src\stm32f4xx_hal_adc_ex.c
      Source file:   Drivers\STM32F4xx_HAL_Driver\Src\stm32f4xx_hal_adc.c

   * Component: Keil::Device:STM32Cube Framework:Classic:1.6.0
      Source file:   MDK\Templates\Src\main.c
      Include file:  CMSIS\Driver\Config\RTE_Device.h
      Include file:  MDK\Templates\Inc\stm32f4xx_hal_conf.h
      Include file:  MDK\Templates\Inc\stm32f4xx_it.h
      Source file:   MDK\Templates\Src\stm32f4xx_it.c
      Include file:  MDK\Templates\Inc\main.h
      Source file:   MDK\Templates\Src\stm32f4xx_hal_msp.c

   * Component: Keil::Device:STM32Cube HAL:RCC:1.6.0
      Source file:   Drivers\STM32F4xx_HAL_Driver\Src\stm32f4xx_hal_rcc_ex.c
      Source file:   Drivers\STM32F4xx_HAL_Driver\Src\stm32f4xx_hal_rcc.c

   * Component: Keil::Device:STM32Cube HAL:PWR:1.6.0
      Source file:   Drivers\STM32F4xx_HAL_Driver\Src\stm32f4xx_hal_pwr.c
      Source file:   Drivers\STM32F4xx_HAL_Driver\Src\stm32f4xx_hal_pwr_ex.c

   * Component: Keil::Device:STM32Cube HAL:SRAM:1.6.0
      Source file:   Drivers\STM32F4xx_HAL_Driver\Src\stm32f4xx_hal_sram.c
      Source file:   Drivers\STM32F4xx_HAL_Driver\Src\stm32f4xx_ll_fsmc.c

   * Component: Keil::CMSIS Driver:I2C:2.6
      Source file:   CMSIS\Driver\I2C_STM32F4xx.c

   * Component: Keil.MCBSTM32F400::Board Support:Graphic LCD:2.0.0
      Source file:   MDK\Boards\Keil\MCBSTM32F400\Common\GLCD_Fonts.c
      Include file:  MDK\Boards\Keil\MCBSTM32F400\Common\GLCD_Config.h
      Source file:   MDK\Boards\Keil\MCBSTM32F400\Common\GLCD_MCBSTM32F400.c

   * Component: Keil.MCBSTM32F400::Board Support:Touchscreen:2.0.0
      Source file:   MDK\Boards\Keil\MCBSTM32F400\Common\Touch_STMPE811.c

   * Component: Keil.MCBSTM32F400::Board Support:Camera:2.0.0
      Source file:   MDK\Boards\Keil\MCBSTM32F400\Common\Camera_OVM7690.c

   * Component: Keil.MCBSTM32F400::Board Support:Joystick:2.0.0
      Source file:   MDK\Boards\Keil\MCBSTM32F400\Common\Joystick_STMPE811.c

   * Component: Keil.MCBSTM32F400::Board Support:LED:2.0.0
      Source file:   MDK\Boards\Keil\MCBSTM32F400\Common\LED_MCBSTM32F400.c

   * Component: Keil.MCBSTM32F400::Board Support:Accelerometer:2.0.0
      Source file:   MDK\Boards\Keil\MCBSTM32F400\Common\Accelerometer_LIS3DH.c

   * Component: Keil.MCBSTM32F400::Board Support:Gyroscope:2.0.0
      Source file:   MDK\Boards\Keil\MCBSTM32F400\Common\Gyroscope_L3G4200D.c

   * Component: Keil.MCBSTM32F400::Board Support:Buttons:2.0.0
      Source file:   MDK\Boards\Keil\MCBSTM32F400\Common\Buttons_MCBSTM32F400.c

   * Component: Keil.MCBSTM32F400::Board Support:A/D Converter:2.0.0
      Source file:   MDK\Boards\Keil\MCBSTM32F400\Common\ADC_MCBSTM32F400.c

   * Component: Keil::Device:STM32Cube HAL:I2C:1.6.0
      Source file:   Drivers\STM32F4xx_HAL_Driver\Src\stm32f4xx_hal_i2c.c

   * Component: Keil::Device:STM32Cube HAL:GPIO:1.6.0
      Source file:   Drivers\STM32F4xx_HAL_Driver\Src\stm32f4xx_hal_gpio.c

   * Component: Keil::Device:STM32Cube HAL:DCMI:1.6.0
      Source file:   Drivers\STM32F4xx_HAL_Driver\Src\stm32f4xx_hal_dcmi.c
      Source file:   Drivers\STM32F4xx_HAL_Driver\Src\stm32f4xx_hal_dcmi_ex.c

   * Component: Keil::Device:STM32Cube HAL:Cortex:1.6.0
      Source file:   Drivers\STM32F4xx_HAL_Driver\Src\stm32f4xx_hal_cortex.c

   * Component: Keil::Device:STM32Cube HAL:DMA:1.6.0
      Source file:   Drivers\STM32F4xx_HAL_Driver\Src\stm32f4xx_hal_dma.c
      Source file:   Drivers\STM32F4xx_HAL_Driver\Src\stm32f4xx_hal_dma_ex.c
Build Time Elapsed:  00:00:58
</pre>
</body>
</html>
