<html>
<body>
<pre>
<h1>µVision Build Log</h1>
<h2>Tool Versions:</h2>
IDE-Version: µVision V5.23.0.0
Copyright (C) 2017 ARM Ltd and ARM Germany GmbH. All rights reserved.
License Information: Vadim Kazakov500, Home, LIC=6XJRA-1RP6B-9YZVW-QAIRW-8KHDK-D6BBX
 
Tool Versions:
Toolchain:       MDK-ARM Professional  Version: 5.23
Toolchain Path:  D:\Program\Keil_v5\ARM\ARMCC\Bin
C Compiler:      Armcc.exe V5.06 update 4 (build 422)
Assembler:       Armasm.exe V5.06 update 4 (build 422)
Linker/Locator:  ArmLink.exe V5.06 update 4 (build 422)
Library Manager: ArmAr.exe V5.06 update 4 (build 422)
Hex Converter:   FromElf.exe V5.06 update 4 (build 422)
CPU DLL:         SARMCM3.DLL V5.23
Dialog DLL:      DCM.DLL V1.15.0.0
Target DLL:      STLink\ST-LINKIII-KEIL.dll V1.5.8
Dialog DLL:      TCM.DLL V1.27.0.0
 
<h2>Project:</h2>
D:\MULTIMEDIA\INSTITUT\Projects_for_STM\STM32F4-Discovery_FW_V1.1.0\Project\Demonstration\MDK-ARM\STM32F4-Discovery_Demo.uvproj
Project File Date:  01/22/2013

<h2>Output:</h2>
*** Using Compiler 'V5.06 update 4 (build 422)', folder: 'D:\Program\Keil_v5\ARM\ARMCC\Bin'
Build target 'Demo'
compiling system_stm32f4xx.c...
compiling stm32f4xx_it.c...
compiling main.c...
compiling usbd_usr.c...
compiling usb_bsp.c...
compiling selftest.c...
compiling usbd_desc.c...
compiling stm32f4_discovery.c...
compiling stm32f4_discovery_lis302dl.c...
compiling misc.c...
compiling stm32f4xx_syscfg.c...
compiling stm32f4_discovery_audio_codec.c...
compiling stm32f4xx_dac.c...
compiling stm32f4xx_dma.c...
compiling stm32f4xx_adc.c...
compiling stm32f4xx_exti.c...
compiling stm32f4xx_gpio.c...
compiling stm32f4xx_flash.c...
compiling stm32f4xx_i2c.c...
compiling stm32f4xx_spi.c...
compiling stm32f4xx_rcc.c...
assembling startup_stm32f4xx.s...
compiling usb_dcd_int.c...
compiling stm32f4xx_tim.c...
compiling usb_core.c...
compiling usb_dcd.c...
compiling usbd_hid_core.c...
compiling usbd_req.c...
compiling usbd_core.c...
compiling usbd_ioreq.c...
linking...
Program Size: Code=17704 RO-data=556 RW-data=484 ZI-data=2708  
".\Demo\Demo.axf" - 0 Error(s), 0 Warning(s).
Build Time Elapsed:  00:00:17
</pre>
</body>
</html>
