Component: ARM Compiler 5.06 update 4 (build 422) Tool: armlink [4d35d2]

==============================================================================

Section Cross References

    main.o(i.ADC_IRQHandler) refers to stm32f4xx_adc.o(i.ADC_GetITStatus) for ADC_GetITStatus
    main.o(i.ADC_IRQHandler) refers to stm32f4xx_adc.o(i.ADC_ClearITPendingBit) for ADC_ClearITPendingBit
    main.o(i.ADC_IRQHandler) refers to stm32f4xx_adc.o(i.ADC_GetConversionValue) for ADC_GetConversionValue
    main.o(i.ADC_IRQHandler) refers to main.o(.data) for data_adc
    main.o(i.ADC_IRQHandler) refers to main.o(.bss) for dataSamples
    main.o(i.ADC_ini) refers to stm32f4xx_rcc.o(i.RCC_AHB1PeriphClockCmd) for RCC_AHB1PeriphClockCmd
    main.o(i.ADC_ini) refers to stm32f4xx_gpio.o(i.GPIO_Init) for GPIO_Init
    main.o(i.ADC_ini) refers to stm32f4xx_rcc.o(i.RCC_APB2PeriphClockCmd) for RCC_APB2PeriphClockCmd
    main.o(i.ADC_ini) refers to stm32f4xx_adc.o(i.ADC_Init) for ADC_Init
    main.o(i.ADC_ini) refers to stm32f4xx_adc.o(i.ADC_RegularChannelConfig) for ADC_RegularChannelConfig
    main.o(i.ADC_ini) refers to stm32f4xx_adc.o(i.ADC_ITConfig) for ADC_ITConfig
    main.o(i.ADC_ini) refers to stm32f4xx_adc.o(i.ADC_Cmd) for ADC_Cmd
    main.o(i.Button_ini) refers to stm32f4xx_rcc.o(i.RCC_AHB1PeriphClockCmd) for RCC_AHB1PeriphClockCmd
    main.o(i.Button_ini) refers to stm32f4xx_gpio.o(i.GPIO_Init) for GPIO_Init
    main.o(i.FFT) refers to delay.o(i._delay_) for _delay_
    main.o(i.FFT) refers to stm32f4xx_adc.o(i.ADC_SoftwareStartConv) for ADC_SoftwareStartConv
    main.o(i.FFT) refers to dflt_clz.o(x$fpl$dfltu) for __aeabi_ui2d
    main.o(i.FFT) refers to daddsub_clz.o(x$fpl$dsub) for __aeabi_dsub
    main.o(i.FFT) refers to ddiv_clz.o(x$fpl$ddiv) for __aeabi_ddiv
    main.o(i.FFT) refers to d2f_clz.o(x$fpl$d2f) for __aeabi_d2f
    main.o(i.FFT) refers to arm_cfft_radix4_init_f32.o(.text) for arm_cfft_radix4_init_f32
    main.o(i.FFT) refers to arm_cfft_radix4_f32.o(.text) for arm_cfft_radix4_f32
    main.o(i.FFT) refers to arm_cmplx_mag_f32.o(.text) for arm_cmplx_mag_f32
    main.o(i.FFT) refers to arm_max_f32.o(.text) for arm_max_f32
    main.o(i.FFT) refers to lcd.o(i.lcd_draw_vert_line) for lcd_draw_vert_line
    main.o(i.FFT) refers to main.o(.data) for samples_rate
    main.o(i.FFT) refers to main.o(.bss) for dataSamples
    main.o(i.LOG) refers to lcd.o(i.LCD_clear_page) for LCD_clear_page
    main.o(i.LOG) refers to lcd.o(i.lcd_draw_str) for lcd_draw_str
    main.o(i.LOG) refers to delay.o(i._delay_) for _delay_
    main.o(i.LOG) refers to main.o(.data) for p
    main.o(i.LoadingBar) refers to lcd.o(i.lcd_set_Y) for lcd_set_Y
    main.o(i.LoadingBar) refers to lcd.o(i.lcd_data) for lcd_data
    main.o(i.LoadingBar) refers to delay.o(i._delay_) for _delay_
    main.o(i.LoadingBar) refers to lcd.o(i.Clear_LCD) for Clear_LCD
    main.o(i.LoadingBar) refers to main.o(.data) for p
    main.o(i.SysTick_Handler) refers to stm32f4xx_gpio.o(i.GPIO_ReadInputDataBit) for GPIO_ReadInputDataBit
    main.o(i.SysTick_Handler) refers to lcd.o(i.Clear_LCD) for Clear_LCD
    main.o(i.SysTick_Handler) refers to main.o(.data) for Button_count
    main.o(i.draw_fft_info) refers to lcd.o(i.Clear_LCD) for Clear_LCD
    main.o(i.draw_fft_info) refers to lcd.o(i.LCD_clear_page) for LCD_clear_page
    main.o(i.draw_fft_info) refers to lcd.o(i.lcd_draw_str) for lcd_draw_str
    main.o(i.draw_fft_info) refers to lcd.o(i.LCD_draw_msg_int) for LCD_draw_msg_int
    main.o(i.draw_fft_info) refers to dflt_clz.o(x$fpl$dflt) for __aeabi_i2d
    main.o(i.draw_fft_info) refers to pow.o(i.__hardfp_pow) for __hardfp_pow
    main.o(i.draw_fft_info) refers to dmul_clz.o(x$fpl$dmul) for __aeabi_dmul
    main.o(i.draw_fft_info) refers to dfix.o(x$fpl$dfix) for __aeabi_d2iz
    main.o(i.draw_fft_info) refers to main.o(.data) for samples_count
    main.o(i.main) refers to lcd.o(i.lcd_init) for lcd_init
    main.o(i.main) refers to lcd.o(i.Clear_LCD) for Clear_LCD
    main.o(i.main) refers to main.o(i.LED_ini) for LED_ini
    main.o(i.main) refers to main.o(i.Button_ini) for Button_ini
    main.o(i.main) refers to main.o(i.ADC_ini) for ADC_ini
    main.o(i.main) refers to main.o(i.draw_fft_info) for draw_fft_info
    main.o(i.main) refers to main.o(i.FFT) for FFT
    main.o(i.main) refers to system_stm32f4xx.o(.data) for SystemCoreClock
    main.o(i.main) refers to main.o(.constdata) for .constdata
    main.o(i.main) refers to main.o(.data) for samp_rate
    main.o(.data) refers to main.o(.conststring) for .conststring
    stm32f4xx_adc.o(i.ADC_DeInit) refers to stm32f4xx_rcc.o(i.RCC_APB2PeriphResetCmd) for RCC_APB2PeriphResetCmd
    stm32f4xx_can.o(i.CAN_DeInit) refers to stm32f4xx_rcc.o(i.RCC_APB1PeriphResetCmd) for RCC_APB1PeriphResetCmd
    stm32f4xx_can.o(i.CAN_GetITStatus) refers to stm32f4xx_can.o(i.CheckITStatus) for CheckITStatus
    stm32f4xx_cryp.o(i.CRYP_DeInit) refers to stm32f4xx_rcc.o(i.RCC_AHB2PeriphResetCmd) for RCC_AHB2PeriphResetCmd
[...]
    ../clib/signal.c                         0x00000000   Number         0  defsig_rtmem_inner.o ABSOLUTE
    ../clib/signal.c                         0x00000000   Number         0  defsig_other.o ABSOLUTE
    ../clib/signal.c                         0x00000000   Number         0  defsig_rtmem_outer.o ABSOLUTE
    ../clib/signal.c                         0x00000000   Number         0  defsig_rtmem_formal.o ABSOLUTE
    ../clib/signal.c                         0x00000000   Number         0  defsig_stak_inner.o ABSOLUTE
    ../clib/signal.c                         0x00000000   Number         0  defsig_abrt_inner.o ABSOLUTE
    ../clib/signal.c                         0x00000000   Number         0  defsig_cppl_inner.o ABSOLUTE
    ../clib/signal.c                         0x00000000   Number         0  defsig_segv_inner.o ABSOLUTE
    ../clib/signal.c                         0x00000000   Number         0  defsig_general.o ABSOLUTE
    ../clib/signal.c                         0x00000000   Number         0  defsig_pvfn_inner.o ABSOLUTE
    ../clib/signal.s                         0x00000000   Number         0  defsig.o ABSOLUTE
    ../clib/stdlib.c                         0x00000000   Number         0  exit.o ABSOLUTE
    ../fplib/basic.s                         0x00000000   Number         0  basic.o ABSOLUTE
    ../fplib/d2f.s                           0x00000000   Number         0  d2f_clz.o ABSOLUTE
    ../fplib/daddsub.s                       0x00000000   Number         0  daddsub_clz.o ABSOLUTE
    ../fplib/dcheck1.s                       0x00000000   Number         0  dcheck1.o ABSOLUTE
    ../fplib/dcmpi.s                         0x00000000   Number         0  dcmpi.o ABSOLUTE
    ../fplib/ddiv.s                          0x00000000   Number         0  ddiv_clz.o ABSOLUTE
    ../fplib/dfix.s                          0x00000000   Number         0  dfix.o ABSOLUTE
    ../fplib/dflt.s                          0x00000000   Number         0  dflt_clz.o ABSOLUTE
    ../fplib/dleqf.s                         0x00000000   Number         0  dleqf.o ABSOLUTE
    ../fplib/dmul.s                          0x00000000   Number         0  dmul_clz.o ABSOLUTE
    ../fplib/dnaninf.s                       0x00000000   Number         0  dnaninf.o ABSOLUTE
    ../fplib/drem.s                          0x00000000   Number         0  drem_clz.o ABSOLUTE
    ../fplib/drenorm.s                       0x00000000   Number         0  drenorm_clz.o ABSOLUTE
    ../fplib/dretinf.s                       0x00000000   Number         0  dretinf.o ABSOLUTE
    ../fplib/drleqf.s                        0x00000000   Number         0  drleqf.o ABSOLUTE
    ../fplib/dsqrt.s                         0x00000000   Number         0  dsqrt_umaalclz.o ABSOLUTE
    ../fplib/dunder.s                        0x00000000   Number         0  dunder_clz.o ABSOLUTE
    ../fplib/except.s                        0x00000000   Number         0  except.o ABSOLUTE
    ../fplib/f2d.s                           0x00000000   Number         0  f2d.o ABSOLUTE
    ../fplib/fnaninf.s                       0x00000000   Number         0  fnaninf.o ABSOLUTE
    ../fplib/fpinit.s                        0x00000000   Number         0  fpinit.o ABSOLUTE
    ../fplib/fretinf.s                       0x00000000   Number         0  fretinf.o ABSOLUTE
    ../fplib/funder.s                        0x00000000   Number         0  funder_clz.o ABSOLUTE
    ../fplib/retnan.s                        0x00000000   Number         0  retnan.o ABSOLUTE
    ../fplib/scalbn.s                        0x00000000   Number         0  scalbn_clz.o ABSOLUTE
    ../fplib/trapv.s                         0x00000000   Number         0  trapv.o ABSOLUTE
    ../fplib/usenofp.s                       0x00000000   Number         0  usenofp.o ABSOLUTE
    ../mathlib/dunder.c                      0x00000000   Number         0  dunder.o ABSOLUTE
    ../mathlib/fabs.c                        0x00000000   Number         0  fabs.o ABSOLUTE
    ../mathlib/fmod.c                        0x00000000   Number         0  fmod.o ABSOLUTE
    ../mathlib/fmod.c                        0x00000000   Number         0  fmod_x.o ABSOLUTE
    ../mathlib/fpclassify.c                  0x00000000   Number         0  fpclassify.o ABSOLUTE
    ../mathlib/poly.c                        0x00000000   Number         0  poly.o ABSOLUTE
    ../mathlib/pow.c                         0x00000000   Number         0  pow.o ABSOLUTE
    ../mathlib/pow.c                         0x00000000   Number         0  pow_x.o ABSOLUTE
    ../mathlib/qnan.c                        0x00000000   Number         0  qnan.o ABSOLUTE
    ../mathlib/sqrt.c                        0x00000000   Number         0  sqrt_full_x.o ABSOLUTE
    ../mathlib/sqrt.c                        0x00000000   Number         0  sqrt_full.o ABSOLUTE
    ..\..\Source\CommonTables\arm_common_tables.c 0x00000000   Number         0  arm_common_tables.o ABSOLUTE
    ..\..\Source\ComplexMathFunctions\arm_cmplx_mag_f32.c 0x00000000   Number         0  arm_cmplx_mag_f32.o ABSOLUTE
    ..\..\Source\StatisticsFunctions\arm_max_f32.c 0x00000000   Number         0  arm_max_f32.o ABSOLUTE
    ..\..\Source\TransformFunctions\arm_bitreversal.c 0x00000000   Number         0  arm_bitreversal.o ABSOLUTE
    ..\..\Source\TransformFunctions\arm_cfft_radix4_f32.c 0x00000000   Number         0  arm_cfft_radix4_f32.o ABSOLUTE
    ..\..\Source\TransformFunctions\arm_cfft_radix4_init_f32.c 0x00000000   Number         0  arm_cfft_radix4_init_f32.o ABSOLUTE
    ..\\..\\Source\\CommonTables\\arm_common_tables.c 0x00000000   Number         0  arm_common_tables.o ABSOLUTE
    ..\\..\\Source\\ComplexMathFunctions\\arm_cmplx_mag_f32.c 0x00000000   Number         0  arm_cmplx_mag_f32.o ABSOLUTE
    ..\\..\\Source\\StatisticsFunctions\\arm_max_f32.c 0x00000000   Number         0  arm_max_f32.o ABSOLUTE
    ..\\..\\Source\\TransformFunctions\\arm_bitreversal.c 0x00000000   Number         0  arm_bitreversal.o ABSOLUTE
    ..\\..\\Source\\TransformFunctions\\arm_cfft_radix4_f32.c 0x00000000   Number         0  arm_cfft_radix4_f32.o ABSOLUTE
    ..\\..\\Source\\TransformFunctions\\arm_cfft_radix4_init_f32.c 0x00000000   Number         0  arm_cfft_radix4_init_f32.o ABSOLUTE
    LCD\\lcd.c                               0x00000000   Number         0  lcd.o ABSOLUTE
    LCD\lcd.c                                0x00000000   Number         0  lcd.o ABSOLUTE
    RTE\Device\STM32F407VGTx\startup_stm32f407xx.s 0x00000000   Number         0  startup_stm32f407xx.o ABSOLUTE
    RTE\Device\STM32F407VGTx\system_stm32f4xx.c 0x00000000   Number         0  system_stm32f4xx.o ABSOLUTE
    RTE\\Device\\STM32F407VGTx\\system_stm32f4xx.c 0x00000000   Number         0  system_stm32f4xx.o ABSOLUTE
    STM32F4_Delay\\src\\Delay.c              0x00000000   Number         0  delay.o ABSOLUTE
    STM32F4_Delay\src\Delay.c                0x00000000   Number         0  delay.o ABSOLUTE
    STM32F4xx_StdPeriph_Driver\\src\\misc.c  0x00000000   Number         0  misc.o ABSOLUTE
    STM32F4xx_StdPeriph_Driver\\src\\stm32f4xx_adc.c 0x00000000   Number         0  stm32f4xx_adc.o ABSOLUTE
    STM32F4xx_StdPeriph_Driver\\src\\stm32f4xx_can.c 0x00000000   Number         0  stm32f4xx_can.o ABSOLUTE
    STM32F4xx_StdPeriph_Driver\\src\\stm32f4xx_crc.c 0x00000000   Number         0  stm32f4xx_crc.o ABSOLUTE
    STM32F4xx_StdPeriph_Driver\\src\\stm32f4xx_cryp.c 0x00000000   Number         0  stm32f4xx_cryp.o ABSOLUTE
    STM32F4xx_StdPeriph_Driver\\src\\stm32f4xx_cryp_aes.c 0x00000000   Number         0  stm32f4xx_cryp_aes.o ABSOLUTE
    STM32F4xx_StdPeriph_Driver\\src\\stm32f4xx_cryp_des.c 0x00000000   Number         0  stm32f4xx_cryp_des.o ABSOLUTE
    STM32F4xx_StdPeriph_Driver\\src\\stm32f4xx_cryp_tdes.c 0x00000000   Number         0  stm32f4xx_cryp_tdes.o ABSOLUTE
    STM32F4xx_StdPeriph_Driver\\src\\stm32f4xx_dac.c 0x00000000   Number         0  stm32f4xx_dac.o ABSOLUTE
    STM32F4xx_StdPeriph_Driver\\src\\stm32f4xx_dbgmcu.c 0x00000000   Number         0  stm32f4xx_dbgmcu.o ABSOLUTE
    STM32F4xx_StdPeriph_Driver\\src\\stm32f4xx_dcmi.c 0x00000000   Number         0  stm32f4xx_dcmi.o ABSOLUTE
    STM32F4xx_StdPeriph_Driver\\src\\stm32f4xx_dma.c 0x00000000   Number         0  stm32f4xx_dma.o ABSOLUTE
    STM32F4xx_StdPeriph_Driver\\src\\stm32f4xx_dma2d.c 0x00000000   Number         0  stm32f4xx_dma2d.o ABSOLUTE
    STM32F4xx_StdPeriph_Driver\\src\\stm32f4xx_exti.c 0x00000000   Number         0  stm32f4xx_exti.o ABSOLUTE
    STM32F4xx_StdPeriph_Driver\\src\\stm32f4xx_flash.c 0x00000000   Number         0  stm32f4xx_flash.o ABSOLUTE
    STM32F4xx_StdPeriph_Driver\\src\\stm32f4xx_fsmc.c 0x00000000   Number         0  stm32f4xx_fsmc.o ABSOLUTE
    STM32F4xx_StdPeriph_Driver\\src\\stm32f4xx_gpio.c 0x00000000   Number         0  stm32f4xx_gpio.o ABSOLUTE
    STM32F4xx_StdPeriph_Driver\\src\\stm32f4xx_hash.c 0x00000000   Number         0  stm32f4xx_hash.o ABSOLUTE
    STM32F4xx_StdPeriph_Driver\\src\\stm32f4xx_hash_md5.c 0x00000000   Number         0  stm32f4xx_hash_md5.o ABSOLUTE
    STM32F4xx_StdPeriph_Driver\\src\\stm32f4xx_hash_sha1.c 0x00000000   Number         0  stm32f4xx_hash_sha1.o ABSOLUTE
    STM32F4xx_StdPeriph_Driver\\src\\stm32f4xx_i2c.c 0x00000000   Number         0  stm32f4xx_i2c.o ABSOLUTE
    STM32F4xx_StdPeriph_Driver\\src\\stm32f4xx_iwdg.c 0x00000000   Number         0  stm32f4xx_iwdg.o ABSOLUTE
    STM32F4xx_StdPeriph_Driver\\src\\stm32f4xx_ltdc.c 0x00000000   Number         0  stm32f4xx_ltdc.o ABSOLUTE
    STM32F4xx_StdPeriph_Driver\\src\\stm32f4xx_pwr.c 0x00000000   Number         0  stm32f4xx_pwr.o ABSOLUTE
    STM32F4xx_StdPeriph_Driver\\src\\stm32f4xx_rcc.c 0x00000000   Number         0  stm32f4xx_rcc.o ABSOLUTE
    STM32F4xx_StdPeriph_Driver\\src\\stm32f4xx_rng.c 0x00000000   Number         0  stm32f4xx_rng.o ABSOLUTE
    STM32F4xx_StdPeriph_Driver\\src\\stm32f4xx_rtc.c 0x00000000   Number         0  stm32f4xx_rtc.o ABSOLUTE
    STM32F4xx_StdPeriph_Driver\\src\\stm32f4xx_sai.c 0x00000000   Number         0  stm32f4xx_sai.o ABSOLUTE
    STM32F4xx_StdPeriph_Driver\\src\\stm32f4xx_sdio.c 0x00000000   Number         0  stm32f4xx_sdio.o ABSOLUTE
    STM32F4xx_StdPeriph_Driver\\src\\stm32f4xx_spi.c 0x00000000   Number         0  stm32f4xx_spi.o ABSOLUTE
    STM32F4xx_StdPeriph_Driver\\src\\stm32f4xx_syscfg.c 0x00000000   Number         0  stm32f4xx_syscfg.o ABSOLUTE
    STM32F4xx_StdPeriph_Driver\\src\\stm32f4xx_tim.c 0x00000000   Number         0  stm32f4xx_tim.o ABSOLUTE
    STM32F4xx_StdPeriph_Driver\\src\\stm32f4xx_usart.c 0x00000000   Number         0  stm32f4xx_usart.o ABSOLUTE
    STM32F4xx_StdPeriph_Driver\\src\\stm32f4xx_wwdg.c 0x00000000   Number         0  stm32f4xx_wwdg.o ABSOLUTE
    STM32F4xx_StdPeriph_Driver\src\misc.c    0x00000000   Number         0  misc.o ABSOLUTE
    STM32F4xx_StdPeriph_Driver\src\stm32f4xx_adc.c 0x00000000   Number         0  stm32f4xx_adc.o ABSOLUTE
    STM32F4xx_StdPeriph_Driver\src\stm32f4xx_can.c 0x00000000   Number         0  stm32f4xx_can.o ABSOLUTE
    STM32F4xx_StdPeriph_Driver\src\stm32f4xx_crc.c 0x00000000   Number         0  stm32f4xx_crc.o ABSOLUTE
    STM32F4xx_StdPeriph_Driver\src\stm32f4xx_cryp.c 0x00000000   Number         0  stm32f4xx_cryp.o ABSOLUTE
    STM32F4xx_StdPeriph_Driver\src\stm32f4xx_cryp_aes.c 0x00000000   Number         0  stm32f4xx_cryp_aes.o ABSOLUTE
    STM32F4xx_StdPeriph_Driver\src\stm32f4xx_cryp_des.c 0x00000000   Number         0  stm32f4xx_cryp_des.o ABSOLUTE
    STM32F4xx_StdPeriph_Driver\src\stm32f4xx_cryp_tdes.c 0x00000000   Number         0  stm32f4xx_cryp_tdes.o ABSOLUTE
    STM32F4xx_StdPeriph_Driver\src\stm32f4xx_dac.c 0x00000000   Number         0  stm32f4xx_dac.o ABSOLUTE
    STM32F4xx_StdPeriph_Driver\src\stm32f4xx_dbgmcu.c 0x00000000   Number         0  stm32f4xx_dbgmcu.o ABSOLUTE
    STM32F4xx_StdPeriph_Driver\src\stm32f4xx_dcmi.c 0x00000000   Number         0  stm32f4xx_dcmi.o ABSOLUTE
    STM32F4xx_StdPeriph_Driver\src\stm32f4xx_dma.c 0x00000000   Number         0  stm32f4xx_dma.o ABSOLUTE
    STM32F4xx_StdPeriph_Driver\src\stm32f4xx_dma2d.c 0x00000000   Number         0  stm32f4xx_dma2d.o ABSOLUTE
    STM32F4xx_StdPeriph_Driver\src\stm32f4xx_exti.c 0x00000000   Number         0  stm32f4xx_exti.o ABSOLUTE
    STM32F4xx_StdPeriph_Driver\src\stm32f4xx_flash.c 0x00000000   Number         0  stm32f4xx_flash.o ABSOLUTE
    STM32F4xx_StdPeriph_Driver\src\stm32f4xx_fsmc.c 0x00000000   Number         0  stm32f4xx_fsmc.o ABSOLUTE
    STM32F4xx_StdPeriph_Driver\src\stm32f4xx_gpio.c 0x00000000   Number         0  stm32f4xx_gpio.o ABSOLUTE
    STM32F4xx_StdPeriph_Driver\src\stm32f4xx_hash.c 0x00000000   Number         0  stm32f4xx_hash.o ABSOLUTE
    STM32F4xx_StdPeriph_Driver\src\stm32f4xx_hash_md5.c 0x00000000   Number         0  stm32f4xx_hash_md5.o ABSOLUTE
    STM32F4xx_StdPeriph_Driver\src\stm32f4xx_hash_sha1.c 0x00000000   Number         0  stm32f4xx_hash_sha1.o ABSOLUTE
    STM32F4xx_StdPeriph_Driver\src\stm32f4xx_i2c.c 0x00000000   Number         0  stm32f4xx_i2c.o ABSOLUTE
    STM32F4xx_StdPeriph_Driver\src\stm32f4xx_iwdg.c 0x00000000   Number         0  stm32f4xx_iwdg.o ABSOLUTE
    STM32F4xx_StdPeriph_Driver\src\stm32f4xx_ltdc.c 0x00000000   Number         0  stm32f4xx_ltdc.o ABSOLUTE
    STM32F4xx_StdPeriph_Driver\src\stm32f4xx_pwr.c 0x00000000   Number         0  stm32f4xx_pwr.o ABSOLUTE
    STM32F4xx_StdPeriph_Driver\src\stm32f4xx_rcc.c 0x00000000   Number         0  stm32f4xx_rcc.o ABSOLUTE
    STM32F4xx_StdPeriph_Driver\src\stm32f4xx_rng.c 0x00000000   Number         0  stm32f4xx_rng.o ABSOLUTE
    STM32F4xx_StdPeriph_Driver\src\stm32f4xx_rtc.c 0x00000000   Number         0  stm32f4xx_rtc.o ABSOLUTE
    STM32F4xx_StdPeriph_Driver\src\stm32f4xx_sai.c 0x00000000   Number         0  stm32f4xx_sai.o ABSOLUTE
    STM32F4xx_StdPeriph_Driver\src\stm32f4xx_sdio.c 0x00000000   Number         0  stm32f4xx_sdio.o ABSOLUTE
    STM32F4xx_StdPeriph_Driver\src\stm32f4xx_spi.c 0x00000000   Number         0  stm32f4xx_spi.o ABSOLUTE
    STM32F4xx_StdPeriph_Driver\src\stm32f4xx_syscfg.c 0x00000000   Number         0  stm32f4xx_syscfg.o ABSOLUTE
    STM32F4xx_StdPeriph_Driver\src\stm32f4xx_tim.c 0x00000000   Number         0  stm32f4xx_tim.o ABSOLUTE
    STM32F4xx_StdPeriph_Driver\src\stm32f4xx_usart.c 0x00000000   Number         0  stm32f4xx_usart.o ABSOLUTE
    STM32F4xx_StdPeriph_Driver\src\stm32f4xx_wwdg.c 0x00000000   Number         0  stm32f4xx_wwdg.o ABSOLUTE
    User\\main.c                             0x00000000   Number         0  main.o ABSOLUTE
    User\main.c                              0x00000000   Number         0  main.o ABSOLUTE
    dc.s                                     0x00000000   Number         0  dc.o ABSOLUTE
    RESET                                    0x08000000   Section      392  startup_stm32f407xx.o(RESET)
    !!!main                                  0x08000188   Section        8  __main.o(!!!main)
    !!!scatter                               0x08000190   Section       52  __scatter.o(!!!scatter)
    !!dczerorl2                              0x080001c4   Section       90  __dczerorl2.o(!!dczerorl2)
    !!handler_zi                             0x08000220   Section       28  __scatter_zi.o(!!handler_zi)
    .ARM.Collect$$libinit$$00000000          0x0800023c   Section        2  libinit.o(.ARM.Collect$$libinit$$00000000)
    .ARM.Collect$$libinit$$00000001          0x0800023e   Section        4  libinit2.o(.ARM.Collect$$libinit$$00000001)
    .ARM.Collect$$libinit$$00000004          0x08000242   Section        0  libinit2.o(.ARM.Collect$$libinit$$00000004)
    .ARM.Collect$$libinit$$0000000A          0x08000242   Section        0  libinit2.o(.ARM.Collect$$libinit$$0000000A)
    .ARM.Collect$$libinit$$0000000C          0x08000242   Section        0  libinit2.o(.ARM.Collect$$libinit$$0000000C)
    .ARM.Collect$$libinit$$0000000E          0x08000242   Section        0  libinit2.o(.ARM.Collect$$libinit$$0000000E)
    .ARM.Collect$$libinit$$00000011          0x08000242   Section        0  libinit2.o(.ARM.Collect$$libinit$$00000011)
    .ARM.Collect$$libinit$$00000013          0x08000242   Section        0  libinit2.o(.ARM.Collect$$libinit$$00000013)
    .ARM.Collect$$libinit$$00000015          0x08000242   Section        0  libinit2.o(.ARM.Collect$$libinit$$00000015)
    .ARM.Collect$$libinit$$00000017          0x08000242   Section        0  libinit2.o(.ARM.Collect$$libinit$$00000017)
    .ARM.Collect$$libinit$$00000019          0x08000242   Section        0  libinit2.o(.ARM.Collect$$libinit$$00000019)
    .ARM.Collect$$libinit$$0000001B          0x08000242   Section        0  libinit2.o(.ARM.Collect$$libinit$$0000001B)
    .ARM.Collect$$libinit$$0000001D          0x08000242   Section        0  libinit2.o(.ARM.Collect$$libinit$$0000001D)
    .ARM.Collect$$libinit$$0000001F          0x08000242   Section        0  libinit2.o(.ARM.Collect$$libinit$$0000001F)
    .ARM.Collect$$libinit$$00000021          0x08000242   Section        0  libinit2.o(.ARM.Collect$$libinit$$00000021)
    .ARM.Collect$$libinit$$00000023          0x08000242   Section        0  libinit2.o(.ARM.Collect$$libinit$$00000023)
    .ARM.Collect$$libinit$$00000025          0x08000242   Section        0  libinit2.o(.ARM.Collect$$libinit$$00000025)
    .ARM.Collect$$libinit$$0000002C          0x08000242   Section        0  libinit2.o(.ARM.Collect$$libinit$$0000002C)
    .ARM.Collect$$libinit$$0000002E          0x08000242   Section        0  libinit2.o(.ARM.Collect$$libinit$$0000002E)
    .ARM.Collect$$libinit$$00000030          0x08000242   Section        0  libinit2.o(.ARM.Collect$$libinit$$00000030)
    .ARM.Collect$$libinit$$00000032          0x08000242   Section        0  libinit2.o(.ARM.Collect$$libinit$$00000032)
    .ARM.Collect$$libinit$$00000033          0x08000242   Section        2  libinit2.o(.ARM.Collect$$libinit$$00000033)
    .ARM.Collect$$libshutdown$$00000000      0x08000244   Section        2  libshutdown.o(.ARM.Collect$$libshutdown$$00000000)
    .ARM.Collect$$libshutdown$$00000002      0x08000246   Section        0  libshutdown2.o(.ARM.Collect$$libshutdown$$00000002)
    .ARM.Collect$$libshutdown$$00000004      0x08000246   Section        0  libshutdown2.o(.ARM.Collect$$libshutdown$$00000004)
    .ARM.Collect$$libshutdown$$00000007      0x08000246   Section        0  libshutdown2.o(.ARM.Collect$$libshutdown$$00000007)
    .ARM.Collect$$libshutdown$$0000000A      0x08000246   Section        0  libshutdown2.o(.ARM.Collect$$libshutdown$$0000000A)
    .ARM.Collect$$libshutdown$$0000000C      0x08000246   Section        0  libshutdown2.o(.ARM.Collect$$libshutdown$$0000000C)
    .ARM.Collect$$libshutdown$$0000000F      0x08000246   Section        0  libshutdown2.o(.ARM.Collect$$libshutdown$$0000000F)
    .ARM.Collect$$libshutdown$$00000010      0x08000246   Section        2  libshutdown2.o(.ARM.Collect$$libshutdown$$00000010)
    .ARM.Collect$$rtentry$$00000000          0x08000248   Section        0  __rtentry.o(.ARM.Collect$$rtentry$$00000000)
    .ARM.Collect$$rtentry$$00000002          0x08000248   Section        0  __rtentry2.o(.ARM.Collect$$rtentry$$00000002)
    .ARM.Collect$$rtentry$$00000004          0x08000248   Section        6  __rtentry4.o(.ARM.Collect$$rtentry$$00000004)
    .ARM.Collect$$rtentry$$00000009          0x0800024e   Section        0  __rtentry2.o(.ARM.Collect$$rtentry$$00000009)
    .ARM.Collect$$rtentry$$0000000A          0x0800024e   Section        4  __rtentry2.o(.ARM.Collect$$rtentry$$0000000A)
    .ARM.Collect$$rtentry$$0000000C          0x08000252   Section        0  __rtentry2.o(.ARM.Collect$$rtentry$$0000000C)
    .ARM.Collect$$rtentry$$0000000D          0x08000252   Section        8  __rtentry2.o(.ARM.Collect$$rtentry$$0000000D)
    .ARM.Collect$$rtexit$$00000000           0x0800025a   Section        2  rtexit.o(.ARM.Collect$$rtexit$$00000000)
    .ARM.Collect$$rtexit$$00000002           0x0800025c   Section        0  rtexit2.o(.ARM.Collect$$rtexit$$00000002)
    .ARM.Collect$$rtexit$$00000003           0x0800025c   Section        4  rtexit2.o(.ARM.Collect$$rtexit$$00000003)
    .ARM.Collect$$rtexit$$00000004           0x08000260   Section        6  rtexit2.o(.ARM.Collect$$rtexit$$00000004)
    .text                                    0x08000268   Section       64  startup_stm32f407xx.o(.text)
    $v0                                      0x08000268   Number         0  startup_stm32f407xx.o(.text)
    .text                                    0x080002a8   Section        0  arm_cmplx_mag_f32.o(.text)
    .text                                    0x080003a4   Section        0  arm_cfft_radix4_f32.o(.text)
    .text                                    0x08000a44   Section        0  arm_cfft_radix4_init_f32.o(.text)
    .text                                    0x08000b04   Section        0  arm_max_f32.o(.text)
    .text                                    0x08000bdc   Section        0  arm_bitreversal.o(.text)
    .text                                    0x08000db2   Section        0  heapauxi.o(.text)
    .text                                    0x08000db8   Section        8  rt_errno_addr_intlibspace.o(.text)
    .text                                    0x08000dc0   Section        0  _rserrno.o(.text)
    .text                                    0x08000dd8   Section        8  libspace.o(.text)
    .text                                    0x08000de0   Section        0  _fptrap.o(.text)
    .text                                    0x08000e10   Section       74  sys_stackheap_outer.o(.text)
    .text                                    0x08000e5a   Section        0  exit.o(.text)
    .text                                    0x08000e6c   Section        0  defsig_fpe_outer.o(.text)
    .text                                    0x08000e7a   Section        0  defsig_exit.o(.text)
    .text                                    0x08000e84   Section        0  defsig_fpe_inner.o(.text)
    .text                                    0x08000f30   Section        0  sys_exit.o(.text)
    .text                                    0x08000f3c   Section        0  defsig_general.o(.text)
    .text                                    0x08000f6e   Section        0  sys_wrch.o(.text)
    .text                                    0x08000f7c   Section        2  use_no_semi.o(.text)
    .text                                    0x08000f7e   Section        0  indicate_semi.o(.text)
    i.ADC_ClearITPendingBit                  0x08000f7e   Section        0  stm32f4xx_adc.o(i.ADC_ClearITPendingBit)
    i.ADC_Cmd                                0x08000f88   Section        0  stm32f4xx_adc.o(i.ADC_Cmd)
    i.ADC_GetConversionValue                 0x08000f9e   Section        0  stm32f4xx_adc.o(i.ADC_GetConversionValue)
    i.ADC_GetITStatus                        0x08000fa6   Section        0  stm32f4xx_adc.o(i.ADC_GetITStatus)
    i.ADC_IRQHandler                         0x08000fcc   Section        0  main.o(i.ADC_IRQHandler)
    i.ADC_ITConfig                           0x0800101c   Section        0  stm32f4xx_adc.o(i.ADC_ITConfig)
    i.ADC_Init                               0x0800103c   Section        0  stm32f4xx_adc.o(i.ADC_Init)
    i.ADC_RegularChannelConfig               0x08001090   Section        0  stm32f4xx_adc.o(i.ADC_RegularChannelConfig)
    i.ADC_SoftwareStartConv                  0x08001148   Section        0  stm32f4xx_adc.o(i.ADC_SoftwareStartConv)
    i.ADC_ini                                0x08001154   Section        0  main.o(i.ADC_ini)
    i.Button_ini                             0x080011f0   Section        0  main.o(i.Button_ini)
    i.Clear_LCD                              0x08001220   Section        0  lcd.o(i.Clear_LCD)
    i.FFT                                    0x08001268   Section        0  main.o(i.FFT)
    i.GPIO_Init                              0x08001518   Section        0  stm32f4xx_gpio.o(i.GPIO_Init)
    i.GPIO_ReadInputDataBit                  0x080015a8   Section        0  stm32f4xx_gpio.o(i.GPIO_ReadInputDataBit)
    i.GPIO_ResetBits                         0x080015ba   Section        0  stm32f4xx_gpio.o(i.GPIO_ResetBits)
    i.GPIO_SetBits                           0x080015be   Section        0  stm32f4xx_gpio.o(i.GPIO_SetBits)
    i.LCD_clear_page                         0x080015c4   Section        0  lcd.o(i.LCD_clear_page)
    i.LCD_draw_msg_int                       0x08001604   Section        0  lcd.o(i.LCD_draw_msg_int)
    i.LED_ini                                0x0800163c   Section        0  main.o(i.LED_ini)
    i.RCC_AHB1PeriphClockCmd                 0x08001664   Section        0  stm32f4xx_rcc.o(i.RCC_AHB1PeriphClockCmd)
    i.RCC_APB2PeriphClockCmd                 0x08001684   Section        0  stm32f4xx_rcc.o(i.RCC_APB2PeriphClockCmd)
    i.SysTick_Handler                        0x080016a4   Section        0  main.o(i.SysTick_Handler)
    i.SystemInit                             0x08001710   Section        0  system_stm32f4xx.o(i.SystemInit)
    i.__ARM_fpclassify                       0x08001774   Section        0  fpclassify.o(i.__ARM_fpclassify)
    i.__hardfp_pow                           0x080017a8   Section        0  pow.o(i.__hardfp_pow)
    i.__kernel_poly                          0x080023f8   Section        0  poly.o(i.__kernel_poly)
    i.__mathlib_dbl_divzero                  0x080024f0   Section        0  dunder.o(i.__mathlib_dbl_divzero)
    i.__mathlib_dbl_infnan2                  0x08002520   Section        0  dunder.o(i.__mathlib_dbl_infnan2)
    i.__mathlib_dbl_invalid                  0x08002538   Section        0  dunder.o(i.__mathlib_dbl_invalid)
    i.__mathlib_dbl_overflow                 0x08002558   Section        0  dunder.o(i.__mathlib_dbl_overflow)
    i.__mathlib_dbl_underflow                0x08002578   Section        0  dunder.o(i.__mathlib_dbl_underflow)
    i._delay_                                0x08002598   Section        0  delay.o(i._delay_)
    i.draw_fft_info                          0x080025a4   Section        0  main.o(i.draw_fft_info)
    i.fabs                                   0x080026c4   Section        0  fabs.o(i.fabs)
    i.lcd_command                            0x080026dc   Section        0  lcd.o(i.lcd_command)
    i.lcd_command_int                        0x08002770   Section        0  lcd.o(i.lcd_command_int)
    i.lcd_data                               0x080027e4   Section        0  lcd.o(i.lcd_data)
    i.lcd_data_int                           0x08002874   Section        0  lcd.o(i.lcd_data_int)
    i.lcd_draw_char_fromTable                0x080028c0   Section        0  lcd.o(i.lcd_draw_char_fromTable)
    i.lcd_draw_int                           0x0800291c   Section        0  lcd.o(i.lcd_draw_int)
    i.lcd_draw_small_line                    0x080029a0   Section        0  lcd.o(i.lcd_draw_small_line)
    i.lcd_draw_str                           0x08002b24   Section        0  lcd.o(i.lcd_draw_str)
    i.lcd_draw_vert_line                     0x08002b60   Section        0  lcd.o(i.lcd_draw_vert_line)
    i.lcd_init                               0x08002c04   Section        0  lcd.o(i.lcd_init)
    i.lcd_init_gpio                          0x08002cfc   Section        0  lcd.o(i.lcd_init_gpio)
    i.lcd_set_Y                              0x08002d2c   Section        0  lcd.o(i.lcd_set_Y)
    i.lcd_set_chip                           0x08002d68   Section        0  lcd.o(i.lcd_set_chip)
    i.lcd_set_page                           0x08002d90   Section        0  lcd.o(i.lcd_set_page)
    i.main                                   0x08002df8   Section        0  main.o(i.main)
    i.sqrt                                   0x08002f14   Section        0  sqrt_full.o(i.sqrt)
    x$fpl$basic                              0x08002f82   Section       24  basic.o(x$fpl$basic)
    $v0                                      0x08002f82   Number         0  basic.o(x$fpl$basic)
    x$fpl$d2f                                0x08002f9c   Section      708  d2f_clz.o(x$fpl$d2f)
    $v0                                      0x08002f9c   Number         0  d2f_clz.o(x$fpl$d2f)
    x$fpl$dadd                               0x08003260   Section      588  daddsub_clz.o(x$fpl$dadd)
    $v0                                      0x08003260   Number         0  daddsub_clz.o(x$fpl$dadd)
    _dadd1                                   0x0800328b   Thumb Code     0  daddsub_clz.o(x$fpl$dadd)
    dadd_zerodenorm                          0x0800342b   Thumb Code     0  daddsub_clz.o(x$fpl$dadd)
    x$fpl$dcheck1                            0x080034ac   Section       28  dcheck1.o(x$fpl$dcheck1)
    $v0                                      0x080034ac   Number         0  dcheck1.o(x$fpl$dcheck1)
    x$fpl$dcmpinf                            0x080034c8   Section       24  dcmpi.o(x$fpl$dcmpinf)
    $v0                                      0x080034c8   Number         0  dcmpi.o(x$fpl$dcmpinf)
    x$fpl$ddiv                               0x080034e0   Section      892  ddiv_clz.o(x$fpl$ddiv)
    $v0                                      0x080034e0   Number         0  ddiv_clz.o(x$fpl$ddiv)
    ddiv_entry                               0x080034e7   Thumb Code     0  ddiv_clz.o(x$fpl$ddiv)
    x$fpl$dfix                               0x0800385c   Section      200  dfix.o(x$fpl$dfix)
    $v0                                      0x0800385c   Number         0  dfix.o(x$fpl$dfix)
    x$fpl$dflt                               0x08003924   Section       46  dflt_clz.o(x$fpl$dflt)
    $v0                                      0x08003924   Number         0  dflt_clz.o(x$fpl$dflt)
    x$fpl$dfltu                              0x08003952   Section       38  dflt_clz.o(x$fpl$dfltu)
    $v0                                      0x08003952   Number         0  dflt_clz.o(x$fpl$dfltu)
    x$fpl$dleqf                              0x08003978   Section      120  dleqf.o(x$fpl$dleqf)
    $v0                                      0x08003978   Number         0  dleqf.o(x$fpl$dleqf)
    x$fpl$dmul                               0x080039f0   Section      448  dmul_clz.o(x$fpl$dmul)
    $v0                                      0x080039f0   Number         0  dmul_clz.o(x$fpl$dmul)
    x$fpl$dnaninf                            0x08003bb0   Section      258  dnaninf.o(x$fpl$dnaninf)
    $v0                                      0x08003bb0   Number         0  dnaninf.o(x$fpl$dnaninf)
    x$fpl$drenorm                            0x08003cb2   Section      112  drenorm_clz.o(x$fpl$drenorm)
    $v0                                      0x08003cb2   Number         0  drenorm_clz.o(x$fpl$drenorm)
    x$fpl$dretinf                            0x08003d22   Section       12  dretinf.o(x$fpl$dretinf)
    $v0                                      0x08003d22   Number         0  dretinf.o(x$fpl$dretinf)
    x$fpl$drleqf                             0x08003d2e   Section       98  drleqf.o(x$fpl$drleqf)
    $v0                                      0x08003d2e   Number         0  drleqf.o(x$fpl$drleqf)
    x$fpl$drsb                               0x08003d90   Section       80  daddsub_clz.o(x$fpl$drsb)
    $v0                                      0x08003d90   Number         0  daddsub_clz.o(x$fpl$drsb)
    x$fpl$dsqrt                              0x08003de0   Section      520  dsqrt_umaalclz.o(x$fpl$dsqrt)
    $v0                                      0x08003de0   Number         0  dsqrt_umaalclz.o(x$fpl$dsqrt)
    x$fpl$dsub                               0x08003fe8   Section      668  daddsub_clz.o(x$fpl$dsub)
    $v0                                      0x08003fe8   Number         0  daddsub_clz.o(x$fpl$dsub)
    _dsub1                                   0x08004013   Thumb Code     0  daddsub_clz.o(x$fpl$dsub)
    daddsub_denorm                           0x080041d7   Thumb Code     0  daddsub_clz.o(x$fpl$dsub)
    dsub_uncommon_first                      0x080041eb   Thumb Code     0  daddsub_clz.o(x$fpl$dsub)
    dsub_zerodenorm                          0x08004209   Thumb Code     0  daddsub_clz.o(x$fpl$dsub)
    x$fpl$dunder                             0x08004284   Section      378  dunder_clz.o(x$fpl$dunder)
    $v0                                      0x08004284   Number         0  dunder_clz.o(x$fpl$dunder)
    x$fpl$exception                          0x08004400   Section      492  except.o(x$fpl$exception)
    $v0                                      0x08004400   Number         0  except.o(x$fpl$exception)
    x$fpl$fpinit                             0x080045ec   Section       10  fpinit.o(x$fpl$fpinit)
    $v0                                      0x080045ec   Number         0  fpinit.o(x$fpl$fpinit)
    x$fpl$fretinf                            0x080045f6   Section       10  fretinf.o(x$fpl$fretinf)
    $v0                                      0x080045f6   Number         0  fretinf.o(x$fpl$fretinf)
    x$fpl$funder                             0x08004600   Section      316  funder_clz.o(x$fpl$funder)
    $v0                                      0x08004600   Number         0  funder_clz.o(x$fpl$funder)
    x$fpl$retnan                             0x0800473c   Section      178  retnan.o(x$fpl$retnan)
    $v0                                      0x0800473c   Number         0  retnan.o(x$fpl$retnan)
    x$fpl$scalbn                             0x080047f0   Section      276  scalbn_clz.o(x$fpl$scalbn)
    $v0                                      0x080047f0   Number         0  scalbn_clz.o(x$fpl$scalbn)
    x$fpl$trapveneer                         0x08004904   Section      126  trapv.o(x$fpl$trapveneer)
    $v0                                      0x08004904   Number         0  trapv.o(x$fpl$trapveneer)
    x$fpl$usenofp                            0x08004982   Section        0  usenofp.o(x$fpl$usenofp)
    .constdata                               0x08004984   Section       16  main.o(.constdata)
    .constdata                               0x08004994   Section     2048  arm_common_tables.o(.constdata)
    .constdata                               0x08005194   Section    32768  arm_common_tables.o(.constdata)
    .constdata                               0x0800d198   Section      136  pow.o(.constdata)
    bp                                       0x0800d198   Data          16  pow.o(.constdata)
    dp_h                                     0x0800d1a8   Data          16  pow.o(.constdata)
    dp_l                                     0x0800d1b8   Data          16  pow.o(.constdata)
    L                                        0x0800d1c8   Data          48  pow.o(.constdata)
    P                                        0x0800d1f8   Data          40  pow.o(.constdata)
    .constdata                               0x0800d220   Section        8  qnan.o(.constdata)
    .conststring                             0x0800d228   Section       57  main.o(.conststring)
    .data                                    0x20000000   Section     2110  main.o(.data)
    .data                                    0x20000840   Section      808  lcd.o(.data)
    .data                                    0x20000b68   Section        4  system_stm32f4xx.o(.data)
    .bss                                     0x20000b6c   Section    14336  main.o(.bss)
    .bss                                     0x2000436c   Section       96  libspace.o(.bss)
    HEAP                                     0x200043d0   Section      512  startup_stm32f407xx.o(HEAP)
    Heap_Mem                                 0x200043d0   Data         512  startup_stm32f407xx.o(HEAP)
    STACK                                    0x200045d0   Section     1024  startup_stm32f407xx.o(STACK)
    Stack_Mem                                0x200045d0   Data        1024  startup_stm32f407xx.o(STACK)
    __initial_sp                             0x200049d0   Data           0  startup_stm32f407xx.o(STACK)

    Global Symbols

    Symbol Name                              Value     Ov Type        Size  Object(Section)

    BuildAttributes$$THM_ISAv4$E$P$D$K$B$S$7EM$VFPi3$EXTD16$VFPS$VFMA$PE$A:L22UL41UL21$X:L11$S22US41US21$IEEE1$IW$USESV6$~STKCKD$USESV7$~SHL$OTIME$ROPI$IEEEX$EBA8$UX$STANDARDLIB$REQ8$PRES8$EABIv2 0x00000000   Number         0  anon$$obj.o ABSOLUTE
    __ARM_use_no_argv                        0x00000000   Number         0  main.o ABSOLUTE
    __ARM_exceptions_init                     - Undefined Weak Reference
    __alloca_initialize                       - Undefined Weak Reference
    __arm_preinit_                            - Undefined Weak Reference
    __cpp_initialize__aeabi_                  - Undefined Weak Reference
    __cxa_finalize                            - Undefined Weak Reference
    __sigvec_lookup                           - Undefined Weak Reference
    _atexit_init                              - Undefined Weak Reference
    _call_atexit_fns                          - Undefined Weak Reference
    _clock_init                               - Undefined Weak Reference
    _fp_trap_big                              - Undefined Weak Reference
    _fp_trap_init                             - Undefined Weak Reference
    _fp_trap_shutdown                         - Undefined Weak Reference
    _get_lc_collate                           - Undefined Weak Reference
    _get_lc_monetary                          - Undefined Weak Reference
    _get_lc_numeric                           - Undefined Weak Reference
    _get_lc_time                              - Undefined Weak Reference
    _getenv_init                              - Undefined Weak Reference
    _handle_redirection                       - Undefined Weak Reference
    _init_alloc                               - Undefined Weak Reference
    _init_user_alloc                          - Undefined Weak Reference
    _initio                                   - Undefined Weak Reference
    _rand_init                                - Undefined Weak Reference
    _signal_finish                            - Undefined Weak Reference
    _signal_init                              - Undefined Weak Reference
    _terminate_alloc                          - Undefined Weak Reference
    _terminate_user_alloc                     - Undefined Weak Reference
    _terminateio                              - Undefined Weak Reference
    __Vectors_Size                           0x00000188   Number         0  startup_stm32f407xx.o ABSOLUTE
    __Vectors                                0x08000000   Data           4  startup_stm32f407xx.o(RESET)
    __Vectors_End                            0x08000188   Data           0  startup_stm32f407xx.o(RESET)
    __main                                   0x08000189   Thumb Code     8  __main.o(!!!main)
    __scatterload                            0x08000191   Thumb Code     0  __scatter.o(!!!scatter)
    __scatterload_rt2                        0x08000191   Thumb Code    44  __scatter.o(!!!scatter)
    __scatterload_rt2_thumb_only             0x08000191   Thumb Code     0  __scatter.o(!!!scatter)
    __scatterload_null                       0x0800019f   Thumb Code     0  __scatter.o(!!!scatter)
    __decompress                             0x080001c5   Thumb Code    90  __dczerorl2.o(!!dczerorl2)
    __decompress1                            0x080001c5   Thumb Code     0  __dczerorl2.o(!!dczerorl2)
    __scatterload_zeroinit                   0x08000221   Thumb Code    28  __scatter_zi.o(!!handler_zi)
    __rt_lib_init                            0x0800023d   Thumb Code     0  libinit.o(.ARM.Collect$$libinit$$00000000)
    __rt_lib_init_fp_1                       0x0800023f   Thumb Code     0  libinit2.o(.ARM.Collect$$libinit$$00000001)
    __rt_lib_init_alloca_1                   0x08000243   Thumb Code     0  libinit2.o(.ARM.Collect$$libinit$$0000002E)
    __rt_lib_init_argv_1                     0x08000243   Thumb Code     0  libinit2.o(.ARM.Collect$$libinit$$0000002C)
    __rt_lib_init_atexit_1                   0x08000243   Thumb Code     0  libinit2.o(.ARM.Collect$$libinit$$0000001B)
    __rt_lib_init_clock_1                    0x08000243   Thumb Code     0  libinit2.o(.ARM.Collect$$libinit$$00000021)
    __rt_lib_init_cpp_1                      0x08000243   Thumb Code     0  libinit2.o(.ARM.Collect$$libinit$$00000032)
    __rt_lib_init_exceptions_1               0x08000243   Thumb Code     0  libinit2.o(.ARM.Collect$$libinit$$00000030)
    __rt_lib_init_fp_trap_1                  0x08000243   Thumb Code     0  libinit2.o(.ARM.Collect$$libinit$$0000001F)
    __rt_lib_init_getenv_1                   0x08000243   Thumb Code     0  libinit2.o(.ARM.Collect$$libinit$$00000023)
    __rt_lib_init_heap_1                     0x08000243   Thumb Code     0  libinit2.o(.ARM.Collect$$libinit$$0000000A)
    __rt_lib_init_lc_collate_1               0x08000243   Thumb Code     0  libinit2.o(.ARM.Collect$$libinit$$00000011)
    __rt_lib_init_lc_ctype_1                 0x08000243   Thumb Code     0  libinit2.o(.ARM.Collect$$libinit$$00000013)
    __rt_lib_init_lc_monetary_1              0x08000243   Thumb Code     0  libinit2.o(.ARM.Collect$$libinit$$00000015)
    __rt_lib_init_lc_numeric_1               0x08000243   Thumb Code     0  libinit2.o(.ARM.Collect$$libinit$$00000017)
    __rt_lib_init_lc_time_1                  0x08000243   Thumb Code     0  libinit2.o(.ARM.Collect$$libinit$$00000019)
    __rt_lib_init_preinit_1                  0x08000243   Thumb Code     0  libinit2.o(.ARM.Collect$$libinit$$00000004)
    __rt_lib_init_rand_1                     0x08000243   Thumb Code     0  libinit2.o(.ARM.Collect$$libinit$$0000000E)
    __rt_lib_init_return                     0x08000243   Thumb Code     0  libinit2.o(.ARM.Collect$$libinit$$00000033)
    __rt_lib_init_signal_1                   0x08000243   Thumb Code     0  libinit2.o(.ARM.Collect$$libinit$$0000001D)
    __rt_lib_init_stdio_1                    0x08000243   Thumb Code     0  libinit2.o(.ARM.Collect$$libinit$$00000025)
    __rt_lib_init_user_alloc_1               0x08000243   Thumb Code     0  libinit2.o(.ARM.Collect$$libinit$$0000000C)
    __rt_lib_shutdown                        0x08000245   Thumb Code     0  libshutdown.o(.ARM.Collect$$libshutdown$$00000000)
    __rt_lib_shutdown_cpp_1                  0x08000247   Thumb Code     0  libshutdown2.o(.ARM.Collect$$libshutdown$$00000002)
    __rt_lib_shutdown_fp_trap_1              0x08000247   Thumb Code     0  libshutdown2.o(.ARM.Collect$$libshutdown$$00000007)
    __rt_lib_shutdown_heap_1                 0x08000247   Thumb Code     0  libshutdown2.o(.ARM.Collect$$libshutdown$$0000000F)
    __rt_lib_shutdown_return                 0x08000247   Thumb Code     0  libshutdown2.o(.ARM.Collect$$libshutdown$$00000010)
    __rt_lib_shutdown_signal_1               0x08000247   Thumb Code     0  libshutdown2.o(.ARM.Collect$$libshutdown$$0000000A)
    __rt_lib_shutdown_stdio_1                0x08000247   Thumb Code     0  libshutdown2.o(.ARM.Collect$$libshutdown$$00000004)
    __rt_lib_shutdown_user_alloc_1           0x08000247   Thumb Code     0  libshutdown2.o(.ARM.Collect$$libshutdown$$0000000C)
    __rt_entry                               0x08000249   Thumb Code     0  __rtentry.o(.ARM.Collect$$rtentry$$00000000)
    __rt_entry_presh_1                       0x08000249   Thumb Code     0  __rtentry2.o(.ARM.Collect$$rtentry$$00000002)
    __rt_entry_sh                            0x08000249   Thumb Code     0  __rtentry4.o(.ARM.Collect$$rtentry$$00000004)
    __rt_entry_li                            0x0800024f   Thumb Code     0  __rtentry2.o(.ARM.Collect$$rtentry$$0000000A)
    __rt_entry_postsh_1                      0x0800024f   Thumb Code     0  __rtentry2.o(.ARM.Collect$$rtentry$$00000009)
    __rt_entry_main                          0x08000253   Thumb Code     0  __rtentry2.o(.ARM.Collect$$rtentry$$0000000D)
    __rt_entry_postli_1                      0x08000253   Thumb Code     0  __rtentry2.o(.ARM.Collect$$rtentry$$0000000C)
    __rt_exit                                0x0800025b   Thumb Code     0  rtexit.o(.ARM.Collect$$rtexit$$00000000)
    __rt_exit_ls                             0x0800025d   Thumb Code     0  rtexit2.o(.ARM.Collect$$rtexit$$00000003)
    __rt_exit_prels_1                        0x0800025d   Thumb Code     0  rtexit2.o(.ARM.Collect$$rtexit$$00000002)
    __rt_exit_exit                           0x08000261   Thumb Code     0  rtexit2.o(.ARM.Collect$$rtexit$$00000004)
    Reset_Handler                            0x08000269   Thumb Code     8  startup_stm32f407xx.o(.text)
    NMI_Handler                              0x08000271   Thumb Code     2  startup_stm32f407xx.o(.text)
    HardFault_Handler                        0x08000273   Thumb Code     2  startup_stm32f407xx.o(.text)
    MemManage_Handler                        0x08000275   Thumb Code     2  startup_stm32f407xx.o(.text)
    BusFault_Handler                         0x08000277   Thumb Code     2  startup_stm32f407xx.o(.text)
    UsageFault_Handler                       0x08000279   Thumb Code     2  startup_stm32f407xx.o(.text)
    SVC_Handler                              0x0800027b   Thumb Code     2  startup_stm32f407xx.o(.text)
    DebugMon_Handler                         0x0800027d   Thumb Code     2  startup_stm32f407xx.o(.text)
    PendSV_Handler                           0x0800027f   Thumb Code     2  startup_stm32f407xx.o(.text)
    CAN1_RX0_IRQHandler                      0x08000283   Thumb Code     0  startup_stm32f407xx.o(.text)
    CAN1_RX1_IRQHandler                      0x08000283   Thumb Code     0  startup_stm32f407xx.o(.text)
    CAN1_SCE_IRQHandler                      0x08000283   Thumb Code     0  startup_stm32f407xx.o(.text)
    CAN1_TX_IRQHandler                       0x08000283   Thumb Code     0  startup_stm32f407xx.o(.text)
    CAN2_RX0_IRQHandler                      0x08000283   Thumb Code     0  startup_stm32f407xx.o(.text)
    CAN2_RX1_IRQHandler                      0x08000283   Thumb Code     0  startup_stm32f407xx.o(.text)
    CAN2_SCE_IRQHandler                      0x08000283   Thumb Code     0  startup_stm32f407xx.o(.text)
    CAN2_TX_IRQHandler                       0x08000283   Thumb Code     0  startup_stm32f407xx.o(.text)
    DCMI_IRQHandler                          0x08000283   Thumb Code     0  startup_stm32f407xx.o(.text)
    DMA1_Stream0_IRQHandler                  0x08000283   Thumb Code     0  startup_stm32f407xx.o(.text)
    DMA1_Stream1_IRQHandler                  0x08000283   Thumb Code     0  startup_stm32f407xx.o(.text)
    DMA1_Stream2_IRQHandler                  0x08000283   Thumb Code     0  startup_stm32f407xx.o(.text)
    DMA1_Stream3_IRQHandler                  0x08000283   Thumb Code     0  startup_stm32f407xx.o(.text)
    DMA1_Stream4_IRQHandler                  0x08000283   Thumb Code     0  startup_stm32f407xx.o(.text)
    DMA1_Stream5_IRQHandler                  0x08000283   Thumb Code     0  startup_stm32f407xx.o(.text)
    DMA1_Stream6_IRQHandler                  0x08000283   Thumb Code     0  startup_stm32f407xx.o(.text)
    DMA1_Stream7_IRQHandler                  0x08000283   Thumb Code     0  startup_stm32f407xx.o(.text)
    DMA2_Stream0_IRQHandler                  0x08000283   Thumb Code     0  startup_stm32f407xx.o(.text)
    DMA2_Stream1_IRQHandler                  0x08000283   Thumb Code     0  startup_stm32f407xx.o(.text)
    DMA2_Stream2_IRQHandler                  0x08000283   Thumb Code     0  startup_stm32f407xx.o(.text)
    DMA2_Stream3_IRQHandler                  0x08000283   Thumb Code     0  startup_stm32f407xx.o(.text)
    DMA2_Stream4_IRQHandler                  0x08000283   Thumb Code     0  startup_stm32f407xx.o(.text)
    DMA2_Stream5_IRQHandler                  0x08000283   Thumb Code     0  startup_stm32f407xx.o(.text)
    DMA2_Stream6_IRQHandler                  0x08000283   Thumb Code     0  startup_stm32f407xx.o(.text)
    DMA2_Stream7_IRQHandler                  0x08000283   Thumb Code     0  startup_stm32f407xx.o(.text)
    ETH_IRQHandler                           0x08000283   Thumb Code     0  startup_stm32f407xx.o(.text)
    ETH_WKUP_IRQHandler                      0x08000283   Thumb Code     0  startup_stm32f407xx.o(.text)
    EXTI0_IRQHandler                         0x08000283   Thumb Code     0  startup_stm32f407xx.o(.text)
    EXTI15_10_IRQHandler                     0x08000283   Thumb Code     0  startup_stm32f407xx.o(.text)
    EXTI1_IRQHandler                         0x08000283   Thumb Code     0  startup_stm32f407xx.o(.text)
    EXTI2_IRQHandler                         0x08000283   Thumb Code     0  startup_stm32f407xx.o(.text)
    EXTI3_IRQHandler                         0x08000283   Thumb Code     0  startup_stm32f407xx.o(.text)
    EXTI4_IRQHandler                         0x08000283   Thumb Code     0  startup_stm32f407xx.o(.text)
    EXTI9_5_IRQHandler                       0x08000283   Thumb Code     0  startup_stm32f407xx.o(.text)
    FLASH_IRQHandler                         0x08000283   Thumb Code     0  startup_stm32f407xx.o(.text)
    FMC_IRQHandler                           0x08000283   Thumb Code     0  startup_stm32f407xx.o(.text)
    FPU_IRQHandler                           0x08000283   Thumb Code     0  startup_stm32f407xx.o(.text)
    HASH_RNG_IRQHandler                      0x08000283   Thumb Code     0  startup_stm32f407xx.o(.text)
    I2C1_ER_IRQHandler                       0x08000283   Thumb Code     0  startup_stm32f407xx.o(.text)
    I2C1_EV_IRQHandler                       0x08000283   Thumb Code     0  startup_stm32f407xx.o(.text)
    I2C2_ER_IRQHandler                       0x08000283   Thumb Code     0  startup_stm32f407xx.o(.text)
    I2C2_EV_IRQHandler                       0x08000283   Thumb Code     0  startup_stm32f407xx.o(.text)
    I2C3_ER_IRQHandler                       0x08000283   Thumb Code     0  startup_stm32f407xx.o(.text)
    I2C3_EV_IRQHandler                       0x08000283   Thumb Code     0  startup_stm32f407xx.o(.text)
    OTG_FS_IRQHandler                        0x08000283   Thumb Code     0  startup_stm32f407xx.o(.text)
    OTG_FS_WKUP_IRQHandler                   0x08000283   Thumb Code     0  startup_stm32f407xx.o(.text)
    OTG_HS_EP1_IN_IRQHandler                 0x08000283   Thumb Code     0  startup_stm32f407xx.o(.text)
    OTG_HS_EP1_OUT_IRQHandler                0x08000283   Thumb Code     0  startup_stm32f407xx.o(.text)
    OTG_HS_IRQHandler                        0x08000283   Thumb Code     0  startup_stm32f407xx.o(.text)
    OTG_HS_WKUP_IRQHandler                   0x08000283   Thumb Code     0  startup_stm32f407xx.o(.text)
    PVD_IRQHandler                           0x08000283   Thumb Code     0  startup_stm32f407xx.o(.text)
    RCC_IRQHandler                           0x08000283   Thumb Code     0  startup_stm32f407xx.o(.text)
    RTC_Alarm_IRQHandler                     0x08000283   Thumb Code     0  startup_stm32f407xx.o(.text)
    RTC_WKUP_IRQHandler                      0x08000283   Thumb Code     0  startup_stm32f407xx.o(.text)
    SDIO_IRQHandler                          0x08000283   Thumb Code     0  startup_stm32f407xx.o(.text)
    SPI1_IRQHandler                          0x08000283   Thumb Code     0  startup_stm32f407xx.o(.text)
    SPI2_IRQHandler                          0x08000283   Thumb Code     0  startup_stm32f407xx.o(.text)
    SPI3_IRQHandler                          0x08000283   Thumb Code     0  startup_stm32f407xx.o(.text)
    TAMP_STAMP_IRQHandler                    0x08000283   Thumb Code     0  startup_stm32f407xx.o(.text)
    TIM1_BRK_TIM9_IRQHandler                 0x08000283   Thumb Code     0  startup_stm32f407xx.o(.text)
    TIM1_CC_IRQHandler                       0x08000283   Thumb Code     0  startup_stm32f407xx.o(.text)
    TIM1_TRG_COM_TIM11_IRQHandler            0x08000283   Thumb Code     0  startup_stm32f407xx.o(.text)
    TIM1_UP_TIM10_IRQHandler                 0x08000283   Thumb Code     0  startup_stm32f407xx.o(.text)
    TIM2_IRQHandler                          0x08000283   Thumb Code     0  startup_stm32f407xx.o(.text)
    TIM3_IRQHandler                          0x08000283   Thumb Code     0  startup_stm32f407xx.o(.text)
    TIM4_IRQHandler                          0x08000283   Thumb Code     0  startup_stm32f407xx.o(.text)
    TIM5_IRQHandler                          0x08000283   Thumb Code     0  startup_stm32f407xx.o(.text)
    TIM6_DAC_IRQHandler                      0x08000283   Thumb Code     0  startup_stm32f407xx.o(.text)
    TIM7_IRQHandler                          0x08000283   Thumb Code     0  startup_stm32f407xx.o(.text)
    TIM8_BRK_TIM12_IRQHandler                0x08000283   Thumb Code     0  startup_stm32f407xx.o(.text)
    TIM8_CC_IRQHandler                       0x08000283   Thumb Code     0  startup_stm32f407xx.o(.text)
    TIM8_TRG_COM_TIM14_IRQHandler            0x08000283   Thumb Code     0  startup_stm32f407xx.o(.text)
    TIM8_UP_TIM13_IRQHandler                 0x08000283   Thumb Code     0  startup_stm32f407xx.o(.text)
    UART4_IRQHandler                         0x08000283   Thumb Code     0  startup_stm32f407xx.o(.text)
    UART5_IRQHandler                         0x08000283   Thumb Code     0  startup_stm32f407xx.o(.text)
    USART1_IRQHandler                        0x08000283   Thumb Code     0  startup_stm32f407xx.o(.text)
    USART2_IRQHandler                        0x08000283   Thumb Code     0  startup_stm32f407xx.o(.text)
    USART3_IRQHandler                        0x08000283   Thumb Code     0  startup_stm32f407xx.o(.text)
    USART6_IRQHandler                        0x08000283   Thumb Code     0  startup_stm32f407xx.o(.text)
    WWDG_IRQHandler                          0x08000283   Thumb Code     0  startup_stm32f407xx.o(.text)
    __user_initial_stackheap                 0x08000285   Thumb Code     0  startup_stm32f407xx.o(.text)
    arm_cmplx_mag_f32                        0x080002a9   Thumb Code   246  arm_cmplx_mag_f32.o(.text)
    arm_radix4_butterfly_f32                 0x080003a5   Thumb Code   800  arm_cfft_radix4_f32.o(.text)
    arm_radix4_butterfly_inverse_f32         0x080006c5   Thumb Code   836  arm_cfft_radix4_f32.o(.text)
    arm_cfft_radix4_f32                      0x08000a09   Thumb Code    60  arm_cfft_radix4_f32.o(.text)
    arm_cfft_radix4_init_f32                 0x08000a45   Thumb Code   146  arm_cfft_radix4_init_f32.o(.text)
    arm_max_f32                              0x08000b05   Thumb Code   216  arm_max_f32.o(.text)
    arm_bitreversal_f32                      0x08000bdd   Thumb Code   178  arm_bitreversal.o(.text)
    arm_bitreversal_q31                      0x08000c8f   Thumb Code   170  arm_bitreversal.o(.text)
    arm_bitreversal_q15                      0x08000d39   Thumb Code   122  arm_bitreversal.o(.text)
    __use_two_region_memory                  0x08000db3   Thumb Code     2  heapauxi.o(.text)
    __rt_heap_escrow$2region                 0x08000db5   Thumb Code     2  heapauxi.o(.text)
    __rt_heap_expand$2region                 0x08000db7   Thumb Code     2  heapauxi.o(.text)
    __aeabi_errno_addr                       0x08000db9   Thumb Code     8  rt_errno_addr_intlibspace.o(.text)
    __errno$intlibspace                      0x08000db9   Thumb Code     0  rt_errno_addr_intlibspace.o(.text)
    __rt_errno_addr$intlibspace              0x08000db9   Thumb Code     0  rt_errno_addr_intlibspace.o(.text)
    __read_errno                             0x08000dc1   Thumb Code    10  _rserrno.o(.text)
    __set_errno                              0x08000dcb   Thumb Code    12  _rserrno.o(.text)
    __user_libspace                          0x08000dd9   Thumb Code     8  libspace.o(.text)
    __user_perproc_libspace                  0x08000dd9   Thumb Code     0  libspace.o(.text)
    __user_perthread_libspace                0x08000dd9   Thumb Code     0  libspace.o(.text)
    _fp_trap                                 0x08000de1   Thumb Code    44  _fptrap.o(.text)
    __user_setup_stackheap                   0x08000e11   Thumb Code    74  sys_stackheap_outer.o(.text)
    exit                                     0x08000e5b   Thumb Code    18  exit.o(.text)
    __rt_SIGFPE                              0x08000e6d   Thumb Code    14  defsig_fpe_outer.o(.text)
    __sig_exit                               0x08000e7b   Thumb Code    10  defsig_exit.o(.text)
    __rt_SIGFPE_inner                        0x08000e85   Thumb Code    62  defsig_fpe_inner.o(.text)
    _sys_exit                                0x08000f31   Thumb Code     8  sys_exit.o(.text)
    __default_signal_display                 0x08000f3d   Thumb Code    50  defsig_general.o(.text)
    _ttywrch                                 0x08000f6f   Thumb Code    14  sys_wrch.o(.text)
    __I$use$semihosting                      0x08000f7d   Thumb Code     0  use_no_semi.o(.text)
    __use_no_semihosting_swi                 0x08000f7d   Thumb Code     2  use_no_semi.o(.text)
    ADC_ClearITPendingBit                    0x08000f7f   Thumb Code    10  stm32f4xx_adc.o(i.ADC_ClearITPendingBit)
    __semihosting_library_function           0x08000f7f   Thumb Code     0  indicate_semi.o(.text)
    ADC_Cmd                                  0x08000f89   Thumb Code    22  stm32f4xx_adc.o(i.ADC_Cmd)
    ADC_GetConversionValue                   0x08000f9f   Thumb Code     8  stm32f4xx_adc.o(i.ADC_GetConversionValue)
    ADC_GetITStatus                          0x08000fa7   Thumb Code    38  stm32f4xx_adc.o(i.ADC_GetITStatus)
    ADC_IRQHandler                           0x08000fcd   Thumb Code    62  main.o(i.ADC_IRQHandler)
    ADC_ITConfig                             0x0800101d   Thumb Code    32  stm32f4xx_adc.o(i.ADC_ITConfig)
    ADC_Init                                 0x0800103d   Thumb Code    74  stm32f4xx_adc.o(i.ADC_Init)
    ADC_RegularChannelConfig                 0x08001091   Thumb Code   184  stm32f4xx_adc.o(i.ADC_RegularChannelConfig)
    ADC_SoftwareStartConv                    0x08001149   Thumb Code    10  stm32f4xx_adc.o(i.ADC_SoftwareStartConv)
    ADC_ini                                  0x08001155   Thumb Code   148  main.o(i.ADC_ini)
    Button_ini                               0x080011f1   Thumb Code    42  main.o(i.Button_ini)
    Clear_LCD                                0x08001221   Thumb Code    58  lcd.o(i.Clear_LCD)
    FFT                                      0x08001269   Thumb Code   624  main.o(i.FFT)
    GPIO_Init                                0x08001519   Thumb Code   144  stm32f4xx_gpio.o(i.GPIO_Init)
    GPIO_ReadInputDataBit                    0x080015a9   Thumb Code    18  stm32f4xx_gpio.o(i.GPIO_ReadInputDataBit)
    GPIO_ResetBits                           0x080015bb   Thumb Code     4  stm32f4xx_gpio.o(i.GPIO_ResetBits)
    GPIO_SetBits                             0x080015bf   Thumb Code     4  stm32f4xx_gpio.o(i.GPIO_SetBits)
    LCD_clear_page                           0x080015c5   Thumb Code    50  lcd.o(i.LCD_clear_page)
    LCD_draw_msg_int                         0x08001605   Thumb Code    56  lcd.o(i.LCD_draw_msg_int)
    LED_ini                                  0x0800163d   Thumb Code    32  main.o(i.LED_ini)
    RCC_AHB1PeriphClockCmd                   0x08001665   Thumb Code    26  stm32f4xx_rcc.o(i.RCC_AHB1PeriphClockCmd)
    RCC_APB2PeriphClockCmd                   0x08001685   Thumb Code    26  stm32f4xx_rcc.o(i.RCC_APB2PeriphClockCmd)
    SysTick_Handler                          0x080016a5   Thumb Code    90  main.o(i.SysTick_Handler)
    SystemInit                               0x08001711   Thumb Code    82  system_stm32f4xx.o(i.SystemInit)
    __ARM_fpclassify                         0x08001775   Thumb Code    48  fpclassify.o(i.__ARM_fpclassify)
    __hardfp_pow                             0x080017a9   Thumb Code  3072  pow.o(i.__hardfp_pow)
    __kernel_poly                            0x080023f9   Thumb Code   248  poly.o(i.__kernel_poly)
    __mathlib_dbl_divzero                    0x080024f1   Thumb Code    28  dunder.o(i.__mathlib_dbl_divzero)
    __mathlib_dbl_infnan2                    0x08002521   Thumb Code    20  dunder.o(i.__mathlib_dbl_infnan2)
    __mathlib_dbl_invalid                    0x08002539   Thumb Code    24  dunder.o(i.__mathlib_dbl_invalid)
    __mathlib_dbl_overflow                   0x08002559   Thumb Code    24  dunder.o(i.__mathlib_dbl_overflow)
    __mathlib_dbl_underflow                  0x08002579   Thumb Code    24  dunder.o(i.__mathlib_dbl_underflow)
    _delay_                                  0x08002599   Thumb Code    12  delay.o(i._delay_)
    draw_fft_info                            0x080025a5   Thumb Code   170  main.o(i.draw_fft_info)
    fabs                                     0x080026c5   Thumb Code    24  fabs.o(i.fabs)
    lcd_command                              0x080026dd   Thumb Code   138  lcd.o(i.lcd_command)
    lcd_command_int                          0x08002771   Thumb Code   108  lcd.o(i.lcd_command_int)
    lcd_data                                 0x080027e5   Thumb Code   136  lcd.o(i.lcd_data)
    lcd_data_int                             0x08002875   Thumb Code    66  lcd.o(i.lcd_data_int)
    lcd_draw_char_fromTable                  0x080028c1   Thumb Code    88  lcd.o(i.lcd_draw_char_fromTable)
    lcd_draw_int                             0x0800291d   Thumb Code   126  lcd.o(i.lcd_draw_int)
    lcd_draw_small_line                      0x080029a1   Thumb Code   196  lcd.o(i.lcd_draw_small_line)
    lcd_draw_str                             0x08002b25   Thumb Code    54  lcd.o(i.lcd_draw_str)
    lcd_draw_vert_line                       0x08002b61   Thumb Code   138  lcd.o(i.lcd_draw_vert_line)
    lcd_init                                 0x08002c05   Thumb Code   168  lcd.o(i.lcd_init)
    lcd_init_gpio                            0x08002cfd   Thumb Code    44  lcd.o(i.lcd_init_gpio)
    lcd_set_Y                                0x08002d2d   Thumb Code    58  lcd.o(i.lcd_set_Y)
    lcd_set_chip                             0x08002d69   Thumb Code    34  lcd.o(i.lcd_set_chip)
    lcd_set_page                             0x08002d91   Thumb Code    54  lcd.o(i.lcd_set_page)
    main                                     0x08002df9   Thumb Code   250  main.o(i.main)
    sqrt                                     0x08002f15   Thumb Code   110  sqrt_full.o(i.sqrt)
    __aeabi_dneg                             0x08002f83   Thumb Code     0  basic.o(x$fpl$basic)
    _dneg                                    0x08002f83   Thumb Code     6  basic.o(x$fpl$basic)
    __aeabi_fneg                             0x08002f89   Thumb Code     0  basic.o(x$fpl$basic)
    _fneg                                    0x08002f89   Thumb Code     6  basic.o(x$fpl$basic)
    _dabs                                    0x08002f8f   Thumb Code     6  basic.o(x$fpl$basic)
    _fabs                                    0x08002f95   Thumb Code     6  basic.o(x$fpl$basic)
    __aeabi_d2f                              0x08002f9d   Thumb Code     0  d2f_clz.o(x$fpl$d2f)
    _d2f                                     0x08002f9d   Thumb Code   700  d2f_clz.o(x$fpl$d2f)
    __aeabi_dadd                             0x08003261   Thumb Code     0  daddsub_clz.o(x$fpl$dadd)
    _dadd                                    0x08003261   Thumb Code   580  daddsub_clz.o(x$fpl$dadd)
    __fpl_dcheck_NaN1                        0x080034ad   Thumb Code    28  dcheck1.o(x$fpl$dcheck1)
    __fpl_dcmp_Inf                           0x080034c9   Thumb Code    24  dcmpi.o(x$fpl$dcmpinf)
    __aeabi_ddiv                             0x080034e1   Thumb Code     0  ddiv_clz.o(x$fpl$ddiv)
    _ddiv                                    0x080034e1   Thumb Code   748  ddiv_clz.o(x$fpl$ddiv)
    __aeabi_d2iz                             0x0800385d   Thumb Code     0  dfix.o(x$fpl$dfix)
    _dfix                                    0x0800385d   Thumb Code   192  dfix.o(x$fpl$dfix)
    __aeabi_i2d                              0x08003925   Thumb Code     0  dflt_clz.o(x$fpl$dflt)
    _dflt                                    0x08003925   Thumb Code    46  dflt_clz.o(x$fpl$dflt)
    __aeabi_ui2d                             0x08003953   Thumb Code     0  dflt_clz.o(x$fpl$dfltu)
    _dfltu                                   0x08003953   Thumb Code    38  dflt_clz.o(x$fpl$dfltu)
    __aeabi_cdcmple                          0x08003979   Thumb Code     0  dleqf.o(x$fpl$dleqf)
    _dcmple                                  0x08003979   Thumb Code   120  dleqf.o(x$fpl$dleqf)
    __fpl_dcmple_InfNaN                      0x080039d1   Thumb Code     0  dleqf.o(x$fpl$dleqf)
    __aeabi_dmul                             0x080039f1   Thumb Code     0  dmul_clz.o(x$fpl$dmul)
    _dmul                                    0x080039f1   Thumb Code   440  dmul_clz.o(x$fpl$dmul)
    __fpl_dnaninf                            0x08003bb1   Thumb Code   258  dnaninf.o(x$fpl$dnaninf)
    __fpl_drenorm2                           0x08003cb3   Thumb Code   106  drenorm_clz.o(x$fpl$drenorm)
    __fpl_drenorm1                           0x08003d1d   Thumb Code     6  drenorm_clz.o(x$fpl$drenorm)
    __fpl_dretinf                            0x08003d23   Thumb Code    12  dretinf.o(x$fpl$dretinf)
    __aeabi_cdrcmple                         0x08003d2f   Thumb Code     0  drleqf.o(x$fpl$drleqf)
    _drcmple                                 0x08003d2f   Thumb Code    98  drleqf.o(x$fpl$drleqf)
    __aeabi_drsub                            0x08003d91   Thumb Code     0  daddsub_clz.o(x$fpl$drsb)
    _drsb                                    0x08003d91   Thumb Code    74  daddsub_clz.o(x$fpl$drsb)
    _dsqrt                                   0x08003de1   Thumb Code   520  dsqrt_umaalclz.o(x$fpl$dsqrt)
    __aeabi_dsub                             0x08003fe9   Thumb Code     0  daddsub_clz.o(x$fpl$dsub)
    _dsub                                    0x08003fe9   Thumb Code   664  daddsub_clz.o(x$fpl$dsub)
    __dunder                                 0x08004285   Thumb Code   314  dunder_clz.o(x$fpl$dunder)
    __dunder_d                               0x080043bf   Thumb Code    64  dunder_clz.o(x$fpl$dunder)
    __fpl_exception                          0x08004401   Thumb Code   454  except.o(x$fpl$exception)
    _fp_init                                 0x080045ed   Thumb Code    10  fpinit.o(x$fpl$fpinit)
    __fplib_config_fpu_vfp                   0x080045f5   Thumb Code     0  fpinit.o(x$fpl$fpinit)
    __fplib_config_pureend_doubles           0x080045f5   Thumb Code     0  fpinit.o(x$fpl$fpinit)
    __fpl_fretinf                            0x080045f7   Thumb Code    10  fretinf.o(x$fpl$fretinf)
    __funder                                 0x08004601   Thumb Code   254  funder_clz.o(x$fpl$funder)
    __funder_d                               0x080046ff   Thumb Code    62  funder_clz.o(x$fpl$funder)
    __fpl_return_NaN                         0x0800473d   Thumb Code   178  retnan.o(x$fpl$retnan)
    __ARM_scalbn                             0x080047f1   Thumb Code   270  scalbn_clz.o(x$fpl$scalbn)
    _fp_trapveneer                           0x08004905   Thumb Code    36  trapv.o(x$fpl$trapveneer)
    __fpl_cmpreturn                          0x08004929   Thumb Code    90  trapv.o(x$fpl$trapveneer)
    __I$use$fp                               0x08004982   Number         0  usenofp.o(x$fpl$usenofp)
    armBitRevTable                           0x08004994   Data        2048  arm_common_tables.o(.constdata)
    twiddleCoef_4096                         0x08005194   Data       32768  arm_common_tables.o(.constdata)
    __mathlib_zero                           0x0800d220   Data           8  qnan.o(.constdata)
    Region$$Table$$Base                      0x0800d264   Number         0  anon$$obj.o(Region$$Table)
    Region$$Table$$Limit                     0x0800d284   Number         0  anon$$obj.o(Region$$Table)
    block                                    0x20000000   Data          20  main.o(.data)
    dataSamples_test                         0x20000014   Data        2048  main.o(.data)
    p                                        0x20000814   Data           4  main.o(.data)
    DataSamples_Pos                          0x20000818   Data           4  main.o(.data)
    f                                        0x2000081c   Data           4  main.o(.data)
    maxValue                                 0x20000820   Data           4  main.o(.data)
    maxIndex                                 0x20000824   Data           4  main.o(.data)
    state                                    0x20000828   Data           4  main.o(.data)
    samples_count                            0x2000082c   Data           4  main.o(.data)
    samples_rate                             0x20000830   Data           4  main.o(.data)
    Draw                                     0x20000834   Data           1  main.o(.data)
    Button_count                             0x20000835   Data           1  main.o(.data)
    Button_state                             0x20000836   Data           1  main.o(.data)
    samp_rate                                0x20000838   Data           4  main.o(.data)
    data_adc                                 0x2000083c   Data           2  main.o(.data)
    table                                    0x20000840   Data         800  lcd.o(.data)
    del_us                                   0x20000b60   Data           4  lcd.o(.data)
    del_us_init                              0x20000b64   Data           4  lcd.o(.data)
    SystemCoreClock                          0x20000b68   Data           4  system_stm32f4xx.o(.data)
    dataSamples                              0x20000b6c   Data        2048  main.o(.bss)
    input                                    0x2000136c   Data        8192  main.o(.bss)
    output                                   0x2000336c   Data        4096  main.o(.bss)
    __libspace_start                         0x2000436c   Data          96  libspace.o(.bss)
    __temporary_stack_top$libspace           0x200043cc   Data           0  libspace.o(.bss)



==============================================================================

Memory Map of the image

  Image Entry point : 0x08000189

  Load Region LR_IROM1 (Base: 0x08000000, Size: 0x0000ddf0, Max: 0x00100000, ABSOLUTE, COMPRESSED[0x0000d510])

    Execution Region ER_IROM1 (Base: 0x08000000, Size: 0x0000d284, Max: 0x00100000, ABSOLUTE)

    Base Addr    Size         Type   Attr      Idx    E Section Name        Object

    0x08000000   0x00000188   Data   RO         5359    RESET               startup_stm32f407xx.o
    0x08000188   0x00000008   Code   RO         5638  * !!!main             c_w.l(__main.o)
    0x08000190   0x00000034   Code   RO         5954    !!!scatter          c_w.l(__scatter.o)
    0x080001c4   0x0000005a   Code   RO         5952    !!dczerorl2         c_w.l(__dczerorl2.o)
    0x0800021e   0x00000002   PAD
    0x08000220   0x0000001c   Code   RO         5956    !!handler_zi        c_w.l(__scatter_zi.o)
    0x0800023c   0x00000002   Code   RO         5821    .ARM.Collect$$libinit$$00000000  c_w.l(libinit.o)
    0x0800023e   0x00000004   Code   RO         5834    .ARM.Collect$$libinit$$00000001  c_w.l(libinit2.o)
    0x08000242   0x00000000   Code   RO         5837    .ARM.Collect$$libinit$$00000004  c_w.l(libinit2.o)
    0x08000242   0x00000000   Code   RO         5840    .ARM.Collect$$libinit$$0000000A  c_w.l(libinit2.o)
    0x08000242   0x00000000   Code   RO         5842    .ARM.Collect$$libinit$$0000000C  c_w.l(libinit2.o)
    0x08000242   0x00000000   Code   RO         5844    .ARM.Collect$$libinit$$0000000E  c_w.l(libinit2.o)
    0x08000242   0x00000000   Code   RO         5847    .ARM.Collect$$libinit$$00000011  c_w.l(libinit2.o)
    0x08000242   0x00000000   Code   RO         5849    .ARM.Collect$$libinit$$00000013  c_w.l(libinit2.o)
    0x08000242   0x00000000   Code   RO         5851    .ARM.Collect$$libinit$$00000015  c_w.l(libinit2.o)
    0x08000242   0x00000000   Code   RO         5853    .ARM.Collect$$libinit$$00000017  c_w.l(libinit2.o)
    0x08000242   0x00000000   Code   RO         5855    .ARM.Collect$$libinit$$00000019  c_w.l(libinit2.o)
    0x08000242   0x00000000   Code   RO         5857    .ARM.Collect$$libinit$$0000001B  c_w.l(libinit2.o)
    0x08000242   0x00000000   Code   RO         5859    .ARM.Collect$$libinit$$0000001D  c_w.l(libinit2.o)
    0x08000242   0x00000000   Code   RO         5861    .ARM.Collect$$libinit$$0000001F  c_w.l(libinit2.o)
    0x08000242   0x00000000   Code   RO         5863    .ARM.Collect$$libinit$$00000021  c_w.l(libinit2.o)
    0x08000242   0x00000000   Code   RO         5865    .ARM.Collect$$libinit$$00000023  c_w.l(libinit2.o)
    0x08000242   0x00000000   Code   RO         5867    .ARM.Collect$$libinit$$00000025  c_w.l(libinit2.o)
    0x08000242   0x00000000   Code   RO         5871    .ARM.Collect$$libinit$$0000002C  c_w.l(libinit2.o)
    0x08000242   0x00000000   Code   RO         5873    .ARM.Collect$$libinit$$0000002E  c_w.l(libinit2.o)
    0x08000242   0x00000000   Code   RO         5875    .ARM.Collect$$libinit$$00000030  c_w.l(libinit2.o)
    0x08000242   0x00000000   Code   RO         5877    .ARM.Collect$$libinit$$00000032  c_w.l(libinit2.o)
    0x08000242   0x00000002   Code   RO         5878    .ARM.Collect$$libinit$$00000033  c_w.l(libinit2.o)
    0x08000244   0x00000002   Code   RO         5909    .ARM.Collect$$libshutdown$$00000000  c_w.l(libshutdown.o)
    0x08000246   0x00000000   Code   RO         5935    .ARM.Collect$$libshutdown$$00000002  c_w.l(libshutdown2.o)
    0x08000246   0x00000000   Code   RO         5937    .ARM.Collect$$libshutdown$$00000004  c_w.l(libshutdown2.o)
    0x08000246   0x00000000   Code   RO         5940    .ARM.Collect$$libshutdown$$00000007  c_w.l(libshutdown2.o)
    0x08000246   0x00000000   Code   RO         5943    .ARM.Collect$$libshutdown$$0000000A  c_w.l(libshutdown2.o)
    0x08000246   0x00000000   Code   RO         5945    .ARM.Collect$$libshutdown$$0000000C  c_w.l(libshutdown2.o)
    0x08000246   0x00000000   Code   RO         5948    .ARM.Collect$$libshutdown$$0000000F  c_w.l(libshutdown2.o)
    0x08000246   0x00000002   Code   RO         5949    .ARM.Collect$$libshutdown$$00000010  c_w.l(libshutdown2.o)
    0x08000248   0x00000000   Code   RO         5692    .ARM.Collect$$rtentry$$00000000  c_w.l(__rtentry.o)
    0x08000248   0x00000000   Code   RO         5770    .ARM.Collect$$rtentry$$00000002  c_w.l(__rtentry2.o)
    0x08000248   0x00000006   Code   RO         5782    .ARM.Collect$$rtentry$$00000004  c_w.l(__rtentry4.o)
    0x0800024e   0x00000000   Code   RO         5772    .ARM.Collect$$rtentry$$00000009  c_w.l(__rtentry2.o)
    0x0800024e   0x00000004   Code   RO         5773    .ARM.Collect$$rtentry$$0000000A  c_w.l(__rtentry2.o)
    0x08000252   0x00000000   Code   RO         5775    .ARM.Collect$$rtentry$$0000000C  c_w.l(__rtentry2.o)
    0x08000252   0x00000008   Code   RO         5776    .ARM.Collect$$rtentry$$0000000D  c_w.l(__rtentry2.o)
    0x0800025a   0x00000002   Code   RO         5824    .ARM.Collect$$rtexit$$00000000  c_w.l(rtexit.o)
    0x0800025c   0x00000000   Code   RO         5882    .ARM.Collect$$rtexit$$00000002  c_w.l(rtexit2.o)
    0x0800025c   0x00000004   Code   RO         5883    .ARM.Collect$$rtexit$$00000003  c_w.l(rtexit2.o)
    0x08000260   0x00000006   Code   RO         5884    .ARM.Collect$$rtexit$$00000004  c_w.l(rtexit2.o)
    0x08000266   0x00000002   PAD
    0x08000268   0x00000040   Code   RO         5360    .text               startup_stm32f407xx.o
    0x080002a8   0x000000fc   Code   RO         5404    .text               arm_cortexM4lf_math.lib(arm_cmplx_mag_f32.o)
    0x080003a4   0x000006a0   Code   RO         5450    .text               arm_cortexM4lf_math.lib(arm_cfft_radix4_f32.o)
    0x08000a44   0x000000c0   Code   RO         5477    .text               arm_cortexM4lf_math.lib(arm_cfft_radix4_init_f32.o)
    0x08000b04   0x000000d8   Code   RO         5505    .text               arm_cortexM4lf_math.lib(arm_max_f32.o)
    0x08000bdc   0x000001d6   Code   RO         5529    .text               arm_cortexM4lf_math.lib(arm_bitreversal.o)
    0x08000db2   0x00000006   Code   RO         5636    .text               c_w.l(heapauxi.o)
    0x08000db8   0x00000008   Code   RO         5696    .text               c_w.l(rt_errno_addr_intlibspace.o)
    0x08000dc0   0x00000016   Code   RO         5698    .text               c_w.l(_rserrno.o)
    0x08000dd6   0x00000002   PAD
    0x08000dd8   0x00000008   Code   RO         5766    .text               c_w.l(libspace.o)
    0x08000de0   0x00000030   Code   RO         5786    .text               c_w.l(_fptrap.o)
    0x08000e10   0x0000004a   Code   RO         5798    .text               c_w.l(sys_stackheap_outer.o)
    0x08000e5a   0x00000012   Code   RO         5810    .text               c_w.l(exit.o)
    0x08000e6c   0x0000000e   Code   RO         5812    .text               c_w.l(defsig_fpe_outer.o)
    0x08000e7a   0x0000000a   Code   RO         5828    .text               c_w.l(defsig_exit.o)
    0x08000e84   0x000000ac   Code   RO         5830    .text               c_w.l(defsig_fpe_inner.o)
    0x08000f30   0x0000000c   Code   RO         5879    .text               c_w.l(sys_exit.o)
    0x08000f3c   0x00000032   Code   RO         5890    .text               c_w.l(defsig_general.o)
    0x08000f6e   0x0000000e   Code   RO         5896    .text               c_w.l(sys_wrch.o)
    0x08000f7c   0x00000002   Code   RO         5898    .text               c_w.l(use_no_semi.o)
    0x08000f7e   0x00000000   Code   RO         5900    .text               c_w.l(indicate_semi.o)
    0x08000f7e   0x0000000a   Code   RO          353    i.ADC_ClearITPendingBit  stm32f4xx_adc.o
    0x08000f88   0x00000016   Code   RO          354    i.ADC_Cmd           stm32f4xx_adc.o
    0x08000f9e   0x00000008   Code   RO          366    i.ADC_GetConversionValue  stm32f4xx_adc.o
    0x08000fa6   0x00000026   Code   RO          368    i.ADC_GetITStatus   stm32f4xx_adc.o
    0x08000fcc   0x00000050   Code   RO            4    i.ADC_IRQHandler    main.o
    0x0800101c   0x00000020   Code   RO          373    i.ADC_ITConfig      stm32f4xx_adc.o
    0x0800103c   0x00000054   Code   RO          374    i.ADC_Init          stm32f4xx_adc.o
    0x08001090   0x000000b8   Code   RO          379    i.ADC_RegularChannelConfig  stm32f4xx_adc.o
    0x08001148   0x0000000a   Code   RO          381    i.ADC_SoftwareStartConv  stm32f4xx_adc.o
    0x08001152   0x00000002   PAD
    0x08001154   0x0000009c   Code   RO            5    i.ADC_ini           main.o
    0x080011f0   0x00000030   Code   RO            6    i.Button_ini        main.o
    0x08001220   0x00000048   Code   RO         5173    i.Clear_LCD         lcd.o
    0x08001268   0x000002b0   Code   RO            7    i.FFT               main.o
    0x08001518   0x00000090   Code   RO         2085    i.GPIO_Init         stm32f4xx_gpio.o
    0x080015a8   0x00000012   Code   RO         2089    i.GPIO_ReadInputDataBit  stm32f4xx_gpio.o
    0x080015ba   0x00000004   Code   RO         2092    i.GPIO_ResetBits    stm32f4xx_gpio.o
    0x080015be   0x00000004   Code   RO         2093    i.GPIO_SetBits      stm32f4xx_gpio.o
    0x080015c2   0x00000002   PAD
    0x080015c4   0x00000040   Code   RO         5174    i.LCD_clear_page    lcd.o
    0x08001604   0x00000038   Code   RO         5175    i.LCD_draw_msg_int  lcd.o
    0x0800163c   0x00000028   Code   RO            8    i.LED_ini           main.o
    0x08001664   0x00000020   Code   RO         2978    i.RCC_AHB1PeriphClockCmd  stm32f4xx_rcc.o
    0x08001684   0x00000020   Code   RO         2990    i.RCC_APB2PeriphClockCmd  stm32f4xx_rcc.o
    0x080016a4   0x0000006c   Code   RO           11    i.SysTick_Handler   main.o
    0x08001710   0x00000064   Code   RO         5368    i.SystemInit        system_stm32f4xx.o
    0x08001774   0x00000030   Code   RO         5749    i.__ARM_fpclassify  m_wm.l(fpclassify.o)
    0x080017a4   0x00000004   PAD
    0x080017a8   0x00000c50   Code   RO         5678    i.__hardfp_pow      m_wm.l(pow.o)
    0x080023f8   0x000000f8   Code   RO         5751    i.__kernel_poly     m_wm.l(poly.o)
    0x080024f0   0x00000030   Code   RO         5729    i.__mathlib_dbl_divzero  m_wm.l(dunder.o)
    0x08002520   0x00000014   Code   RO         5731    i.__mathlib_dbl_infnan2  m_wm.l(dunder.o)
    0x08002534   0x00000004   PAD
    0x08002538   0x00000020   Code   RO         5732    i.__mathlib_dbl_invalid  m_wm.l(dunder.o)
    0x08002558   0x00000020   Code   RO         5733    i.__mathlib_dbl_overflow  m_wm.l(dunder.o)
    0x08002578   0x00000020   Code   RO         5735    i.__mathlib_dbl_underflow  m_wm.l(dunder.o)
    0x08002598   0x0000000c   Code   RO         5336    i._delay_           delay.o
    0x080025a4   0x00000120   Code   RO           12    i.draw_fft_info     main.o
    0x080026c4   0x00000018   Code   RO         5745    i.fabs              m_wm.l(fabs.o)
    0x080026dc   0x00000094   Code   RO         5176    i.lcd_command       lcd.o
    0x08002770   0x00000074   Code   RO         5177    i.lcd_command_int   lcd.o
    0x080027e4   0x00000090   Code   RO         5178    i.lcd_data          lcd.o
    0x08002874   0x0000004c   Code   RO         5179    i.lcd_data_int      lcd.o
    0x080028c0   0x0000005c   Code   RO         5181    i.lcd_draw_char_fromTable  lcd.o
    0x0800291c   0x00000084   Code   RO         5184    i.lcd_draw_int      lcd.o
    0x080029a0   0x00000184   Code   RO         5185    i.lcd_draw_small_line  lcd.o
    0x08002b24   0x0000003c   Code   RO         5186    i.lcd_draw_str      lcd.o
    0x08002b60   0x000000a4   Code   RO         5187    i.lcd_draw_vert_line  lcd.o
    0x08002c04   0x000000f8   Code   RO         5188    i.lcd_init          lcd.o
    0x08002cfc   0x00000030   Code   RO         5189    i.lcd_init_gpio     lcd.o
    0x08002d2c   0x0000003a   Code   RO         5190    i.lcd_set_Y         lcd.o
    0x08002d66   0x00000002   PAD
    0x08002d68   0x00000028   Code   RO         5191    i.lcd_set_chip      lcd.o
    0x08002d90   0x00000068   Code   RO         5192    i.lcd_set_page      lcd.o
    0x08002df8   0x0000011c   Code   RO           13    i.main              main.o
    0x08002f14   0x0000006e   Code   RO         5756    i.sqrt              m_wm.l(sqrt_full.o)
    0x08002f82   0x00000018   Code   RO         5702    x$fpl$basic         g_wm.l(basic.o)
    0x08002f9a   0x00000002   PAD
    0x08002f9c   0x000002c4   Code   RO         5640    x$fpl$d2f           g_wm.l(d2f_clz.o)
    0x08003260   0x0000024c   Code   RO         5642    x$fpl$dadd          g_wm.l(daddsub_clz.o)
    0x080034ac   0x0000001c   Code   RO         5790    x$fpl$dcheck1       g_wm.l(dcheck1.o)
    0x080034c8   0x00000018   Code   RO         5822    x$fpl$dcmpinf       g_wm.l(dcmpi.o)
    0x080034e0   0x0000037c   Code   RO         5649    x$fpl$ddiv          g_wm.l(ddiv_clz.o)
    0x0800385c   0x000000c8   Code   RO         5652    x$fpl$dfix          g_wm.l(dfix.o)
    0x08003924   0x0000002e   Code   RO         5657    x$fpl$dflt          g_wm.l(dflt_clz.o)
    0x08003952   0x00000026   Code   RO         5656    x$fpl$dfltu         g_wm.l(dflt_clz.o)
    0x08003978   0x00000078   Code   RO         5792    x$fpl$dleqf         g_wm.l(dleqf.o)
    0x080039f0   0x000001c0   Code   RO         5662    x$fpl$dmul          g_wm.l(dmul_clz.o)
    0x08003bb0   0x00000102   Code   RO         5704    x$fpl$dnaninf       g_wm.l(dnaninf.o)
    0x08003cb2   0x00000070   Code   RO         5708    x$fpl$drenorm       g_wm.l(drenorm_clz.o)
    0x08003d22   0x0000000c   Code   RO         5710    x$fpl$dretinf       g_wm.l(dretinf.o)
    0x08003d2e   0x00000062   Code   RO         5712    x$fpl$drleqf        g_wm.l(drleqf.o)
    0x08003d90   0x00000050   Code   RO         5643    x$fpl$drsb          g_wm.l(daddsub_clz.o)
    0x08003de0   0x00000208   Code   RO         5794    x$fpl$dsqrt         g_wm.l(dsqrt_umaalclz.o)
    0x08003fe8   0x0000029c   Code   RO         5644    x$fpl$dsub          g_wm.l(daddsub_clz.o)
    0x08004284   0x0000017a   Code   RO         5714    x$fpl$dunder        g_wm.l(dunder_clz.o)
    0x080043fe   0x00000002   PAD
    0x08004400   0x000001ec   Code   RO         5716    x$fpl$exception     g_wm.l(except.o)
    0x080045ec   0x0000000a   Code   RO         5894    x$fpl$fpinit        g_wm.l(fpinit.o)
    0x080045f6   0x0000000a   Code   RO         5720    x$fpl$fretinf       g_wm.l(fretinf.o)
    0x08004600   0x0000013c   Code   RO         5722    x$fpl$funder        g_wm.l(funder_clz.o)
    0x0800473c   0x000000b2   Code   RO         5796    x$fpl$retnan        g_wm.l(retnan.o)
    0x080047ee   0x00000002   PAD
    0x080047f0   0x00000114   Code   RO         5724    x$fpl$scalbn        g_wm.l(scalbn_clz.o)
    0x08004904   0x0000007e   Code   RO         5726    x$fpl$trapveneer    g_wm.l(trapv.o)
    0x08004982   0x00000000   Code   RO         5728    x$fpl$usenofp       g_wm.l(usenofp.o)
    0x08004982   0x00000002   PAD
    0x08004984   0x00000010   Data   RO           15    .constdata          main.o
    0x08004994   0x00000800   Data   RO         5553    .constdata          arm_cortexM4lf_math.lib(arm_common_tables.o)
    0x08005194   0x00008000   Data   RO         5562    .constdata          arm_cortexM4lf_math.lib(arm_common_tables.o)
    0x0800d194   0x00000004   PAD
    0x0800d198   0x00000088   Data   RO         5681    .constdata          m_wm.l(pow.o)
    0x0800d220   0x00000008   Data   RO         5753    .constdata          m_wm.l(qnan.o)
    0x0800d228   0x00000039   Data   RO           16    .conststring        main.o
    0x0800d261   0x00000003   PAD
    0x0800d264   0x00000020   Data   RO         5950    Region$$Table       anon$$obj.o


    Execution Region RW_IRAM1 (Base: 0x20000000, Size: 0x000049d0, Max: 0x00020000, ABSOLUTE, COMPRESSED[0x0000028c])

    Base Addr    Size         Type   Attr      Idx    E Section Name        Object

    0x20000000   0x0000083e   Data   RW           17    .data               main.o
    0x2000083e   0x00000002   PAD
    0x20000840   0x00000328   Data   RW         5195    .data               lcd.o
    0x20000b68   0x00000004   Data   RW         5370    .data               system_stm32f4xx.o
    0x20000b6c   0x00003800   Zero   RW           14    .bss                main.o
    0x2000436c   0x00000060   Zero   RW         5767    .bss                c_w.l(libspace.o)
    0x200043cc   0x00000004   PAD
    0x200043d0   0x00000200   Zero   RW         5358    HEAP                startup_stm32f407xx.o
    0x200045d0   0x00000400   Zero   RW         5357    STACK               startup_stm32f407xx.o


==============================================================================

Image component sizes


      Code (inc. data)   RO Data    RW Data    ZI Data      Debug   Object Name

        12          0          0          0          0        494   delay.o
      2010        458          0        808          0      11197   lcd.o
      1692        274         73       2110      14336     301571   main.o
         0          0          0          0          0       6704   misc.o
        64         26        392          0       1536        868   startup_stm32f407xx.o
       388         10          0          0          0      20530   stm32f4xx_adc.o
       170          0          0          0          0       9744   stm32f4xx_gpio.o
        64         12          0          0          0       1234   stm32f4xx_rcc.o
       100         18          0          4          0       1243   system_stm32f4xx.o

    ----------------------------------------------------------------------
      4506        798        500       2924      15872     353585   Object Totals
         0          0         32          0          0          0   (incl. Generated)
         6          0          3          2          0          0   (incl. Padding)

    ----------------------------------------------------------------------

      Code (inc. data)   RO Data    RW Data    ZI Data      Debug   Library Member Name

       470          0          0          0          0       3046   arm_bitreversal.o
      1696          0          0          0          0      18824   arm_cfft_radix4_f32.o
       192         46          0          0          0        947   arm_cfft_radix4_init_f32.o
       252          6          0          0          0      17652   arm_cmplx_mag_f32.o
         0          0      34816          0          0       4704   arm_common_tables.o
       216          0          0          0          0       1742   arm_max_f32.o
        90          0          0          0          0          0   __dczerorl2.o
         8          0          0          0          0         68   __main.o
         0          0          0          0          0          0   __rtentry.o
        12          0          0          0          0          0   __rtentry2.o
         6          0          0          0          0          0   __rtentry4.o
        52          8          0          0          0          0   __scatter.o
        28          0          0          0          0          0   __scatter_zi.o
        48          4          0          0          0         84   _fptrap.o
        22          0          0          0          0        100   _rserrno.o
        10          0          0          0          0         68   defsig_exit.o
       172        110          0          0          0         76   defsig_fpe_inner.o
        14          0          0          0          0         80   defsig_fpe_outer.o
        50          0          0          0          0         88   defsig_general.o
        18          0          0          0          0         80   exit.o
         6          0          0          0          0        152   heapauxi.o
         0          0          0          0          0          0   indicate_semi.o
         2          0          0          0          0          0   libinit.o
         6          0          0          0          0          0   libinit2.o
         2          0          0          0          0          0   libshutdown.o
         2          0          0          0          0          0   libshutdown2.o
         8          4          0          0         96         68   libspace.o
         8          4          0          0          0         68   rt_errno_addr_intlibspace.o
         2          0          0          0          0          0   rtexit.o
        10          0          0          0          0          0   rtexit2.o
        12          4          0          0          0         68   sys_exit.o
        74          0          0          0          0         80   sys_stackheap_outer.o
        14          0          0          0          0         76   sys_wrch.o
         2          0          0          0          0         68   use_no_semi.o
        24          0          0          0          0        164   basic.o
       708         16          0          0          0        140   d2f_clz.o
      1336         32          0          0          0        532   daddsub_clz.o
        28          0          0          0          0        116   dcheck1.o
        24          0          0          0          0        116   dcmpi.o
       892        152          0          0          0        292   ddiv_clz.o
       200         16          0          0          0        184   dfix.o
        84          0          0          0          0        232   dflt_clz.o
       120          8          0          0          0        140   dleqf.o
       448         16          0          0          0        164   dmul_clz.o
       258          4          0          0          0        156   dnaninf.o
       112          0          0          0          0        160   drenorm_clz.o
        12          0          0          0          0        116   dretinf.o
        98          0          0          0          0        128   drleqf.o
       520         56          0          0          0        180   dsqrt_umaalclz.o
       378          0          0          0          0        168   dunder_clz.o
       492         36          0          0          0        148   except.o
        10          0          0          0          0        116   fpinit.o
        10          0          0          0          0        116   fretinf.o
       316          0          0          0          0        132   funder_clz.o
       178          0          0          0          0        116   retnan.o
       276          4          0          0          0        124   scalbn_clz.o
       126          0          0          0          0        148   trapv.o
         0          0          0          0          0          0   usenofp.o
       164         44          0          0          0        620   dunder.o
        24          0          0          0          0        124   fabs.o
        48          0          0          0          0        124   fpclassify.o
       248          0          0          0          0        152   poly.o
      3152        296        136          0          0        352   pow.o
         0          0          8          0          0          0   qnan.o
       110          0          0          0          0        148   sqrt_full.o

    ----------------------------------------------------------------------
     13922        866      34964          0        100      53547   Library Totals
        22          0          4          0          4          0   (incl. Padding)

    ----------------------------------------------------------------------

      Code (inc. data)   RO Data    RW Data    ZI Data      Debug   Library Name

      2826         52      34816          0          0      46915   arm_cortexM4lf_math.lib
       678        134          0          0         96       1224   c_w.l
      6650        340          0          0          0       3888   g_wm.l
      3746        340        144          0          0       1520   m_wm.l

    ----------------------------------------------------------------------
     13922        866      34964          0        100      53547   Library Totals

    ----------------------------------------------------------------------

==============================================================================


      Code (inc. data)   RO Data    RW Data    ZI Data      Debug   

     18428       1664      35464       2924      15972     398960   Grand Totals
     18428       1664      35464        652      15972     398960   ELF Image Totals (compressed)
     18428       1664      35464        652          0          0   ROM Totals

==============================================================================

    Total RO  Size (Code + RO Data)                53892 (  52.63kB)
    Total RW  Size (RW Data + ZI Data)             18896 (  18.45kB)
    Total ROM Size (Code + RO Data + RW Data)      54544 (  53.27kB)

==============================================================================

