<html>
<body>
<pre>
<h1>µVision Build Log</h1>
<h2>Tool Versions:</h2>
IDE-Version: µVision V5.23.0.0
Copyright (C) 2017 ARM Ltd and ARM Germany GmbH. All rights reserved.
License Information: Vadim Kazakov500, Home, LIC=6XJRA-1RP6B-9YZVW-QAIRW-8KHDK-D6BBX
 
Tool Versions:
Toolchain:       MDK-ARM Professional  Version: 5.23
Toolchain Path:  D:\Program\Keil_v5\ARM\ARMCC\Bin
C Compiler:      Armcc.exe V5.06 update 4 (build 422)
Assembler:       Armasm.exe V5.06 update 4 (build 422)
Linker/Locator:  ArmLink.exe V5.06 update 4 (build 422)
Library Manager: ArmAr.exe V5.06 update 4 (build 422)
Hex Converter:   FromElf.exe V5.06 update 4 (build 422)
CPU DLL:         SARMCM3.DLL V5.23
Dialog DLL:      DCM.DLL V1.15.0.0
Target DLL:      STLink\ST-LINKIII-KEIL_SWO.dll V2.0.18.0
Dialog DLL:      TCM.DLL V1.27.0.0
 
<h2>Project:</h2>
D:\MULTIMEDIA\INSTITUT\Projects_for_STM\F4_st7920_u8glib_test\proekt\demo.uvproj
Project File Date:  11/10/2014

<h2>Output:</h2>
*** Using Compiler 'V5.06 update 4 (build 422)', folder: 'D:\Program\Keil_v5\ARM\ARMCC\Bin'
Build target 'F4_st7920_u8glib_new'
compiling misc.c...
compiling system_stm32f4xx.c...
compiling stm32f4xx_adc.c...
compiling stm32f4xx_crc.c...
compiling stm32f4xx_cryp.c...
compiling stm32f4xx_can.c...
compiling stm32f4xx_cryp_des.c...
compiling stm32f4xx_cryp_tdes.c...
compiling stm32f4xx_cryp_aes.c...
compiling stm32f4xx_dac.c...
compiling stm32f4xx_dbgmcu.c...
compiling stm32f4xx_dcmi.c...
compiling stm32f4xx_dma.c...
compiling stm32f4xx_exti.c...
compiling stm32f4xx_dma2d.c...
compiling stm32f4xx_flash_ramfunc.c...
compiling stm32f4xx_fsmc.c...
compiling stm32f4xx_flash.c...
compiling stm32f4xx_gpio.c...
compiling stm32f4xx_hash_md5.c...
compiling stm32f4xx_hash.c...
compiling stm32f4xx_hash_sha1.c...
compiling stm32f4xx_iwdg.c...
compiling stm32f4xx_i2c.c...
compiling stm32f4xx_pwr.c...
compiling stm32f4xx_rcc.c...
compiling stm32f4xx_ltdc.c...
compiling stm32f4xx_rng.c...
compiling stm32f4xx_sai.c...
compiling stm32f4xx_rtc.c...
compiling stm32f4xx_sdio.c...
compiling stm32f4xx_spi.c...
compiling stm32f4xx_syscfg.c...
compiling stm32f4xx_wwdg.c...
compiling stm32f4xx_usart.c...
compiling stm32f4xx_tim.c...
compiling u8g_virtual_screen.c...
compiling chessengine.c...
compiling u8g_bitmap.c...
compiling u8g_arm.c...
compiling main.c...
compiling u8g_circle.c...
compiling u8g_clip.c...
compiling u8g_com_api.c...
compiling u8g_com_api_16gr.c...
compiling u8g_com_arduino_attiny85_hw_spi.c...
compiling u8g_com_arduino_common.c...
compiling u8g_com_arduino_hw_spi.c...
compiling u8g_com_arduino_fast_parallel.c...
compiling u8g_com_arduino_hw_usart_spi.c...
compiling u8g_com_arduino_parallel.c...
compiling u8g_com_arduino_no_en_parallel.c...
compiling u8g_com_arduino_port_d_wr.c...
compiling u8g_com_arduino_ssd_i2c.c...
compiling u8g_com_arduino_st7920_custom.c...
compiling u8g_com_arduino_st7920_hw_spi.c...
compiling u8g_com_arduino_std_sw_spi.c...
compiling u8g_com_arduino_st7920_spi.c...
compiling u8g_com_arduino_sw_spi.c...
compiling u8g_com_arduino_t6963.c...
compiling u8g_com_atmega_hw_spi.c...
compiling u8g_com_atmega_parallel.c...
compiling u8g_com_atmega_st7920_hw_spi.c...
compiling u8g_com_atmega_st7920_spi.c...
compiling u8g_com_i2c.c...
compiling u8g_com_io.c...
compiling u8g_com_atmega_sw_spi.c...
compiling u8g_com_null.c...
compiling u8g_cursor.c...
compiling u8g_delay.c...
compiling u8g_dev_a2_micro_printer.c...
compiling u8g_dev_gprof.c...
compiling u8g_dev_flipdisc_2x7.c...
compiling u8g_dev_ht1632.c...
compiling u8g_dev_ks0108_128x64.c...
compiling u8g_dev_ili9325d_320x240.c...
compiling u8g_dev_lc7981_160x80.c...
compiling u8g_dev_lc7981_240x64.c...
compiling u8g_dev_lc7981_240x128.c...
compiling u8g_dev_null.c...
compiling u8g_dev_pcd8544_84x48.c...
compiling u8g_dev_lc7981_320x64.c...
compiling u8g_dev_sbn1661_122x32.c...
compiling u8g_dev_ssd1306_128x32.c...
compiling u8g_dev_pcf8812_96x65.c...
compiling u8g_dev_ssd1309_128x64.c...
compiling u8g_dev_ssd1306_128x64.c...
compiling u8g_dev_ssd1322_nhd31oled_bw.c...
compiling u8g_dev_ssd1325_nhd27oled_bw.c...
compiling u8g_dev_ssd1322_nhd31oled_gr.c...
compiling u8g_dev_ssd1325_nhd27oled_bw_new.c...
compiling u8g_dev_ssd1325_nhd27oled_gr.c...
compiling u8g_dev_ssd1325_nhd27oled_gr_new.c...
compiling u8g_dev_ssd1327_96x96_gr.c...
compiling u8g_dev_ssd1351_128x128.c...
compiling u8g_dev_st7565_64128n.c...
compiling u8g_dev_st7565_dogm128.c...
compiling u8g_dev_st7565_dogm132.c...
compiling u8g_dev_st7565_lm6059.c...
compiling u8g_dev_st7565_lm6063.c...
compiling u8g_dev_st7565_nhd_c12832.c...
compiling u8g_dev_st7565_nhd_c12864.c...
compiling u8g_dev_st7687_c144mvgd.c...
compiling u8g_dev_st7920_128x64.c...
compiling u8g_dev_st7920_192x32.c...
compiling u8g_dev_st7920_202x32.c...
compiling u8g_dev_t6963_128x64.c...
compiling u8g_dev_t6963_240x128.c...
compiling u8g_dev_t6963_240x64.c...
compiling u8g_dev_tls8204_84x48.c...
compiling u8g_dev_uc1601_c128032.c...
compiling u8g_dev_uc1701_dogs102.c...
compiling u8g_dev_uc1610_dogxl160.c...
compiling u8g_dev_uc1701_mini12864.c...
compiling u8g_line.c...
compiling u8g_ellipse.c...
compiling u8g_ll_api.c...
compiling u8g_page.c...
compiling u8g_pb.c...
compiling u8g_pb8h1.c...
compiling u8g_pb8h1f.c...
compiling u8g_pb8h2.c...
compiling u8g_pb8h8.c...
compiling u8g_pb8v1.c...
compiling u8g_pb8v2.c...
compiling u8g_pb16h1.c...
compiling u8g_pb14v1.c...
compiling u8g_pb16h2.c...
compiling u8g_pb16v2.c...
compiling u8g_pb16v1.c...
compiling u8g_pb32h1.c...
compiling u8g_pbxh16.c...
compiling u8g_pbxh24.c...
compiling u8g_rect.c...
compiling u8g_scale.c...
compiling u8g_rot.c...
compiling u8g_state.c...
compiling u8g_u8toa.c...
compiling u8g_u16toa.c...
compiling u8g_font.c...
compiling u8g_font_data.c...
linking...
Program Size: Code=15908 RO-data=8248 RW-data=196 ZI-data=2772  
FromELF: creating hex file...
".\demo.axf" - 0 Error(s), 0 Warning(s).
Build Time Elapsed:  00:00:35
</pre>
</body>
</html>
